Archive member included to satisfy reference by file (symbol)

c:/program files/microchip/xc8/v2.46/avr/bin/../lib/gcc/avr/5.4.0/avr5\libgcc.a(_divmodhi4.o)
                              build/default/debug/MyLCD_4bit.o (__divmodhi4)
c:/program files/microchip/xc8/v2.46/avr/bin/../lib/gcc/avr/5.4.0/avr5\libgcc.a(_tablejump2.o)
                              build/default/debug/MyTimers.o (__tablejump2__)
c:/program files/microchip/xc8/v2.46/avr/bin/../lib/gcc/avr/5.4.0/avr5\libgcc.a(_copy_data.o)
                              build/default/debug/main.o (__do_copy_data)
c:/program files/microchip/xc8/v2.46/avr/bin/../lib/gcc/avr/5.4.0/avr5\libgcc.a(_umulhisi3.o)
                              build/default/debug/main.o (__umulhisi3)
c:/program files/microchip/xc8/v2.46/avr/bin/../lib/gcc/avr/5.4.0/avr5\libgcc.a(_udivmodhi4.o)
                              c:/program files/microchip/xc8/v2.46/avr/bin/../lib/gcc/avr/5.4.0/avr5\libgcc.a(_divmodhi4.o) (__udivmodhi4)
c:/program files/microchip/xc8/v2.46/avr/bin/../lib/gcc/avr/5.4.0/../../../../avr/lib/avr5\libc.a(exit.o)
                              C:/Program Files/Microchip/MPLABX/v6.20/packs/Microchip/ATmega_DFP/3.1.264/xc8/avr/lib/avr5/crtatmega32a.o (exit)
c:/program files/microchip/xc8/v2.46/avr/bin/../lib/gcc/avr/5.4.0/../../../../avr/lib/avr5\libc.a(_Exit.o)
                              c:/program files/microchip/xc8/v2.46/avr/bin/../lib/gcc/avr/5.4.0/../../../../avr/lib/avr5\libc.a(exit.o) (_Exit)
c:/program files/microchip/xc8/v2.46/avr/bin/../lib/gcc/avr/5.4.0/avr5\libgcc.a(_exit.o)
                              c:/program files/microchip/xc8/v2.46/avr/bin/../lib/gcc/avr/5.4.0/../../../../avr/lib/avr5\libc.a(_Exit.o) (_exit)

Discarded input sections

 .data          0x0000000000000000        0x0 C:/Program Files/Microchip/MPLABX/v6.20/packs/Microchip/ATmega_DFP/3.1.264/xc8/avr/lib/avr5/crtatmega32a.o
 .bss           0x0000000000000000        0x0 C:/Program Files/Microchip/MPLABX/v6.20/packs/Microchip/ATmega_DFP/3.1.264/xc8/avr/lib/avr5/crtatmega32a.o
 .text          0x0000000000000000        0x0 build/default/debug/main.o
 .data          0x0000000000000000        0x0 build/default/debug/main.o
 .bss           0x0000000000000000        0x0 build/default/debug/main.o
 .text.initMotors
                0x0000000000000000        0x8 build/default/debug/main.o
 .text.moveForward
                0x0000000000000000        0xa build/default/debug/main.o
 .text.stopCar  0x0000000000000000        0x8 build/default/debug/main.o
 .text.rotateLeft
                0x0000000000000000       0x20 build/default/debug/main.o
 .text.rotateRight
                0x0000000000000000       0x20 build/default/debug/main.o
 .text.init_ultrasonic_sensor
                0x0000000000000000       0x1a build/default/debug/main.o
 .text.send_trigger_pulse
                0x0000000000000000        0xe build/default/debug/main.o
 .text.calculate_distance
                0x0000000000000000       0x22 build/default/debug/main.o
 .text.init_servo
                0x0000000000000000       0x16 build/default/debug/main.o
 .text.servo_rotate
                0x0000000000000000       0x2a build/default/debug/main.o
 .text.findBestDirection
                0x0000000000000000       0x7c build/default/debug/main.o
 .bss.echo_flag
                0x0000000000000000        0x1 build/default/debug/main.o
 .bss.overflow_count
                0x0000000000000000        0x2 build/default/debug/main.o
 .bss.i         0x0000000000000000        0x2 build/default/debug/main.o
 .bss.timer_value
                0x0000000000000000        0x2 build/default/debug/main.o
 .text          0x0000000000000000        0x0 build/default/debug/MyINT0.o
 .data          0x0000000000000000        0x0 build/default/debug/MyINT0.o
 .bss           0x0000000000000000        0x0 build/default/debug/MyINT0.o
 .text.INT0_selectMode
                0x0000000000000000       0x3a build/default/debug/MyINT0.o
 .text.init_INT0
                0x0000000000000000        0xc build/default/debug/MyINT0.o
 .text.INT0_DISABLE
                0x0000000000000000        0x8 build/default/debug/MyINT0.o
 .text.INT0_changeMode
                0x0000000000000000       0x12 build/default/debug/MyINT0.o
 .debug_info    0x0000000000000000      0x327 build/default/debug/MyINT0.o
 .debug_abbrev  0x0000000000000000       0xab build/default/debug/MyINT0.o
 .debug_loc     0x0000000000000000       0xae build/default/debug/MyINT0.o
 .debug_aranges
                0x0000000000000000       0x38 build/default/debug/MyINT0.o
 .debug_ranges  0x0000000000000000       0x28 build/default/debug/MyINT0.o
 .debug_line    0x0000000000000000      0x106 build/default/debug/MyINT0.o
 .debug_str     0x0000000000000000        0x9 build/default/debug/MyINT0.o
 .comment       0x0000000000000000       0x30 build/default/debug/MyINT0.o
 .debug_frame   0x0000000000000000       0x54 build/default/debug/MyINT0.o
 .text          0x0000000000000000        0x0 build/default/debug/MyINT1.o
 .data          0x0000000000000000        0x0 build/default/debug/MyINT1.o
 .bss           0x0000000000000000        0x0 build/default/debug/MyINT1.o
 .text.INT1_selectMode
                0x0000000000000000       0x3c build/default/debug/MyINT1.o
 .text.init_INT1
                0x0000000000000000        0xc build/default/debug/MyINT1.o
 .text.INT1_DISABLE
                0x0000000000000000        0x8 build/default/debug/MyINT1.o
 .text.INT1_changeMode
                0x0000000000000000       0x12 build/default/debug/MyINT1.o
 .debug_info    0x0000000000000000      0x327 build/default/debug/MyINT1.o
 .debug_abbrev  0x0000000000000000       0xab build/default/debug/MyINT1.o
 .debug_loc     0x0000000000000000       0xae build/default/debug/MyINT1.o
 .debug_aranges
                0x0000000000000000       0x38 build/default/debug/MyINT1.o
 .debug_ranges  0x0000000000000000       0x28 build/default/debug/MyINT1.o
 .debug_line    0x0000000000000000      0x106 build/default/debug/MyINT1.o
 .debug_str     0x0000000000000000        0x9 build/default/debug/MyINT1.o
 .comment       0x0000000000000000       0x30 build/default/debug/MyINT1.o
 .debug_frame   0x0000000000000000       0x54 build/default/debug/MyINT1.o
 .text          0x0000000000000000        0x0 build/default/debug/MyTimers.o
 .data          0x0000000000000000        0x0 build/default/debug/MyTimers.o
 .bss           0x0000000000000000        0x0 build/default/debug/MyTimers.o
 .text.TIMER0_TOVI_EN
                0x0000000000000000        0x8 build/default/debug/MyTimers.o
 .text.TIMER0_OCI_EN
                0x0000000000000000        0x8 build/default/debug/MyTimers.o
 .text.TIMER0_SELECTMODE
                0x0000000000000000       0x3c build/default/debug/MyTimers.o
 .text.initTimer0
                0x0000000000000000       0x12 build/default/debug/MyTimers.o
 .text.TIMER0_OCO_INIT
                0x0000000000000000        0xe build/default/debug/MyTimers.o
 .text.TIMER0_OC0_SELSECTMODE
                0x0000000000000000       0x16 build/default/debug/MyTimers.o
 .text.TIMER2_SELECTCLK
                0x0000000000000000        0xe build/default/debug/MyTimers.o
 .text.TIMER2_TOV2_EN
                0x0000000000000000        0x8 build/default/debug/MyTimers.o
 .text.TIMER2_OCI_EN
                0x0000000000000000        0x8 build/default/debug/MyTimers.o
 .text.TIMER2_SELECTMODE
                0x0000000000000000       0x3c build/default/debug/MyTimers.o
 .text.initTimer2
                0x0000000000000000       0x12 build/default/debug/MyTimers.o
 .text.TIMER2_OC2_INIT
                0x0000000000000000        0xe build/default/debug/MyTimers.o
 .text.TIMER2_OC2_SELSECTMODE
                0x0000000000000000       0x16 build/default/debug/MyTimers.o
 .text.TIMER1_SELECTCLK
                0x0000000000000000        0xe build/default/debug/MyTimers.o
 .text.TIMER1_TOVI_EN
                0x0000000000000000        0x8 build/default/debug/MyTimers.o
 .text.TIMER1_OCIA_EN
                0x0000000000000000        0x8 build/default/debug/MyTimers.o
 .text.TIMER1_OCIB_EN
                0x0000000000000000        0x8 build/default/debug/MyTimers.o
 .text.TIMER1_ICI_EN
                0x0000000000000000        0x8 build/default/debug/MyTimers.o
 .text.TIMER1_SELECTMODE
                0x0000000000000000      0x230 build/default/debug/MyTimers.o
 .progmem.gcc_sw_table.TIMER1_SELECTMODE
                0x0000000000000000       0x20 build/default/debug/MyTimers.o
 .text.initTimer1
                0x0000000000000000       0x12 build/default/debug/MyTimers.o
 .text.TIMER1_SET_INPUT_CAPTURE
                0x0000000000000000       0x20 build/default/debug/MyTimers.o
 .text.TIMER1_OC1A_B_INIT
                0x0000000000000000       0x1a build/default/debug/MyTimers.o
 .text.TIMER1_OC1A_SELSECTMODE
                0x0000000000000000       0x16 build/default/debug/MyTimers.o
 .text.TIMER1_OC1B_SELSECTMODE
                0x0000000000000000       0x16 build/default/debug/MyTimers.o
 .debug_info    0x0000000000000000      0x925 build/default/debug/MyTimers.o
 .debug_abbrev  0x0000000000000000      0x13b build/default/debug/MyTimers.o
 .debug_loc     0x0000000000000000      0x46d build/default/debug/MyTimers.o
 .debug_aranges
                0x0000000000000000       0xd8 build/default/debug/MyTimers.o
 .debug_ranges  0x0000000000000000       0xc8 build/default/debug/MyTimers.o
 .debug_line    0x0000000000000000      0x638 build/default/debug/MyTimers.o
 .debug_str     0x0000000000000000       0x39 build/default/debug/MyTimers.o
 .comment       0x0000000000000000       0x30 build/default/debug/MyTimers.o
 .debug_frame   0x0000000000000000      0x1b8 build/default/debug/MyTimers.o
 .text          0x0000000000000000        0x0 build/default/debug/MyLCD_4bit.o
 .data          0x0000000000000000        0x0 build/default/debug/MyLCD_4bit.o
 .bss           0x0000000000000000        0x0 build/default/debug/MyLCD_4bit.o
 .text.MYitoa   0x0000000000000000       0xc0 build/default/debug/MyLCD_4bit.o
 .text.LCD4_DATA_NUM
                0x0000000000000000       0x3c build/default/debug/MyLCD_4bit.o
 .text.LCD4_CLEAR
                0x0000000000000000       0x2c build/default/debug/MyLCD_4bit.o
 .text          0x0000000000000000        0x0 build/default/debug/MyDIO.o
 .data          0x0000000000000000        0x0 build/default/debug/MyDIO.o
 .bss           0x0000000000000000        0x0 build/default/debug/MyDIO.o
 .text.setPORTB_DIR_VAL
                0x0000000000000000       0x20 build/default/debug/MyDIO.o
 .text.setPORTC_DIR_VAL
                0x0000000000000000       0x20 build/default/debug/MyDIO.o
 .text.setPORTD_DIR_VAL
                0x0000000000000000       0x20 build/default/debug/MyDIO.o
 .text.setPINA_DIR
                0x0000000000000000       0x44 build/default/debug/MyDIO.o
 .text.setPINC_DIR
                0x0000000000000000       0x44 build/default/debug/MyDIO.o
 .text.setPIND_DIR
                0x0000000000000000       0x44 build/default/debug/MyDIO.o
 .text.setPORTA_DIR
                0x0000000000000000       0x14 build/default/debug/MyDIO.o
 .text.setPORTB_DIR
                0x0000000000000000       0x14 build/default/debug/MyDIO.o
 .text.setPORTC_DIR
                0x0000000000000000       0x14 build/default/debug/MyDIO.o
 .text.setPORTD_DIR
                0x0000000000000000       0x14 build/default/debug/MyDIO.o
 .text.setPORTA_VAL
                0x0000000000000000        0x4 build/default/debug/MyDIO.o
 .text.setPORTB_VAL
                0x0000000000000000        0x4 build/default/debug/MyDIO.o
 .text.setPORTC_VAL
                0x0000000000000000        0x4 build/default/debug/MyDIO.o
 .text.setPORTD_VAL
                0x0000000000000000        0x4 build/default/debug/MyDIO.o
 .text.setPINA  0x0000000000000000       0x42 build/default/debug/MyDIO.o
 .text.setPINC  0x0000000000000000       0x42 build/default/debug/MyDIO.o
 .text.setPIND  0x0000000000000000       0x42 build/default/debug/MyDIO.o
 .text.readPORTA
                0x0000000000000000        0x4 build/default/debug/MyDIO.o
 .text.readPORTB
                0x0000000000000000        0x4 build/default/debug/MyDIO.o
 .text.readPORTC
                0x0000000000000000        0x4 build/default/debug/MyDIO.o
 .text.readPORTD
                0x0000000000000000        0x4 build/default/debug/MyDIO.o
 .text.readPINA
                0x0000000000000000       0x18 build/default/debug/MyDIO.o
 .text.readPINB
                0x0000000000000000       0x18 build/default/debug/MyDIO.o
 .text.readPINC
                0x0000000000000000       0x18 build/default/debug/MyDIO.o
 .text.readPIND
                0x0000000000000000       0x18 build/default/debug/MyDIO.o
 .text          0x0000000000000000        0x0 build/default/debug/Leds.o
 .data          0x0000000000000000        0x0 build/default/debug/Leds.o
 .bss           0x0000000000000000        0x0 build/default/debug/Leds.o
 .text.initLEDs
                0x0000000000000000       0x1a build/default/debug/Leds.o
 .text.LED_ON   0x0000000000000000       0x3a build/default/debug/Leds.o
 .text.LED_OFF  0x0000000000000000       0x3a build/default/debug/Leds.o
 .debug_info    0x0000000000000000      0x3f0 build/default/debug/Leds.o
 .debug_abbrev  0x0000000000000000       0x92 build/default/debug/Leds.o
 .debug_loc     0x0000000000000000       0xc4 build/default/debug/Leds.o
 .debug_aranges
                0x0000000000000000       0x30 build/default/debug/Leds.o
 .debug_ranges  0x0000000000000000       0x20 build/default/debug/Leds.o
 .debug_line    0x0000000000000000       0xb1 build/default/debug/Leds.o
 .debug_str     0x0000000000000000       0x1d build/default/debug/Leds.o
 .comment       0x0000000000000000       0x30 build/default/debug/Leds.o
 .debug_frame   0x0000000000000000       0x44 build/default/debug/Leds.o
 .text          0x0000000000000000        0x0 c:/program files/microchip/xc8/v2.46/avr/bin/../lib/gcc/avr/5.4.0/avr5\libgcc.a(_divmodhi4.o)
 .data          0x0000000000000000        0x0 c:/program files/microchip/xc8/v2.46/avr/bin/../lib/gcc/avr/5.4.0/avr5\libgcc.a(_divmodhi4.o)
 .bss           0x0000000000000000        0x0 c:/program files/microchip/xc8/v2.46/avr/bin/../lib/gcc/avr/5.4.0/avr5\libgcc.a(_divmodhi4.o)
 .text.libgcc.mul
                0x0000000000000000        0x0 c:/program files/microchip/xc8/v2.46/avr/bin/../lib/gcc/avr/5.4.0/avr5\libgcc.a(_divmodhi4.o)
 .text.libgcc.div
                0x0000000000000000       0x28 c:/program files/microchip/xc8/v2.46/avr/bin/../lib/gcc/avr/5.4.0/avr5\libgcc.a(_divmodhi4.o)
 .stack.descriptors.hdr
                0x0000000000000000        0xe c:/program files/microchip/xc8/v2.46/avr/bin/../lib/gcc/avr/5.4.0/avr5\libgcc.a(_divmodhi4.o)
 .stack.descriptors
                0x0000000000000000       0x19 c:/program files/microchip/xc8/v2.46/avr/bin/../lib/gcc/avr/5.4.0/avr5\libgcc.a(_divmodhi4.o)
 .text.libgcc   0x0000000000000000        0x0 c:/program files/microchip/xc8/v2.46/avr/bin/../lib/gcc/avr/5.4.0/avr5\libgcc.a(_divmodhi4.o)
 .text.libgcc.prologue
                0x0000000000000000        0x0 c:/program files/microchip/xc8/v2.46/avr/bin/../lib/gcc/avr/5.4.0/avr5\libgcc.a(_divmodhi4.o)
 .text.libgcc.builtins
                0x0000000000000000        0x0 c:/program files/microchip/xc8/v2.46/avr/bin/../lib/gcc/avr/5.4.0/avr5\libgcc.a(_divmodhi4.o)
 .text.libgcc.fmul
                0x0000000000000000        0x0 c:/program files/microchip/xc8/v2.46/avr/bin/../lib/gcc/avr/5.4.0/avr5\libgcc.a(_divmodhi4.o)
 .text.libgcc.fixed
                0x0000000000000000        0x0 c:/program files/microchip/xc8/v2.46/avr/bin/../lib/gcc/avr/5.4.0/avr5\libgcc.a(_divmodhi4.o)
 .text          0x0000000000000000        0x0 c:/program files/microchip/xc8/v2.46/avr/bin/../lib/gcc/avr/5.4.0/avr5\libgcc.a(_tablejump2.o)
 .data          0x0000000000000000        0x0 c:/program files/microchip/xc8/v2.46/avr/bin/../lib/gcc/avr/5.4.0/avr5\libgcc.a(_tablejump2.o)
 .bss           0x0000000000000000        0x0 c:/program files/microchip/xc8/v2.46/avr/bin/../lib/gcc/avr/5.4.0/avr5\libgcc.a(_tablejump2.o)
 .text.libgcc.mul
                0x0000000000000000        0x0 c:/program files/microchip/xc8/v2.46/avr/bin/../lib/gcc/avr/5.4.0/avr5\libgcc.a(_tablejump2.o)
 .text.libgcc.div
                0x0000000000000000        0x0 c:/program files/microchip/xc8/v2.46/avr/bin/../lib/gcc/avr/5.4.0/avr5\libgcc.a(_tablejump2.o)
 .text.libgcc   0x0000000000000000        0xc c:/program files/microchip/xc8/v2.46/avr/bin/../lib/gcc/avr/5.4.0/avr5\libgcc.a(_tablejump2.o)
 .text.libgcc.prologue
                0x0000000000000000        0x0 c:/program files/microchip/xc8/v2.46/avr/bin/../lib/gcc/avr/5.4.0/avr5\libgcc.a(_tablejump2.o)
 .stack.descriptors.hdr
                0x0000000000000000        0xe c:/program files/microchip/xc8/v2.46/avr/bin/../lib/gcc/avr/5.4.0/avr5\libgcc.a(_tablejump2.o)
 .stack.descriptors
                0x0000000000000000       0x1c c:/program files/microchip/xc8/v2.46/avr/bin/../lib/gcc/avr/5.4.0/avr5\libgcc.a(_tablejump2.o)
 .text.libgcc.builtins
                0x0000000000000000        0x0 c:/program files/microchip/xc8/v2.46/avr/bin/../lib/gcc/avr/5.4.0/avr5\libgcc.a(_tablejump2.o)
 .text.libgcc.fmul
                0x0000000000000000        0x0 c:/program files/microchip/xc8/v2.46/avr/bin/../lib/gcc/avr/5.4.0/avr5\libgcc.a(_tablejump2.o)
 .text.libgcc.fixed
                0x0000000000000000        0x0 c:/program files/microchip/xc8/v2.46/avr/bin/../lib/gcc/avr/5.4.0/avr5\libgcc.a(_tablejump2.o)
 .text          0x0000000000000000        0x0 c:/program files/microchip/xc8/v2.46/avr/bin/../lib/gcc/avr/5.4.0/avr5\libgcc.a(_copy_data.o)
 .data          0x0000000000000000        0x0 c:/program files/microchip/xc8/v2.46/avr/bin/../lib/gcc/avr/5.4.0/avr5\libgcc.a(_copy_data.o)
 .bss           0x0000000000000000        0x0 c:/program files/microchip/xc8/v2.46/avr/bin/../lib/gcc/avr/5.4.0/avr5\libgcc.a(_copy_data.o)
 .text.libgcc.mul
                0x0000000000000000        0x0 c:/program files/microchip/xc8/v2.46/avr/bin/../lib/gcc/avr/5.4.0/avr5\libgcc.a(_copy_data.o)
 .text.libgcc.div
                0x0000000000000000        0x0 c:/program files/microchip/xc8/v2.46/avr/bin/../lib/gcc/avr/5.4.0/avr5\libgcc.a(_copy_data.o)
 .text.libgcc   0x0000000000000000        0x0 c:/program files/microchip/xc8/v2.46/avr/bin/../lib/gcc/avr/5.4.0/avr5\libgcc.a(_copy_data.o)
 .text.libgcc.prologue
                0x0000000000000000        0x0 c:/program files/microchip/xc8/v2.46/avr/bin/../lib/gcc/avr/5.4.0/avr5\libgcc.a(_copy_data.o)
 .text.libgcc.builtins
                0x0000000000000000        0x0 c:/program files/microchip/xc8/v2.46/avr/bin/../lib/gcc/avr/5.4.0/avr5\libgcc.a(_copy_data.o)
 .text.libgcc.fmul
                0x0000000000000000        0x0 c:/program files/microchip/xc8/v2.46/avr/bin/../lib/gcc/avr/5.4.0/avr5\libgcc.a(_copy_data.o)
 .text.libgcc.fixed
                0x0000000000000000        0x0 c:/program files/microchip/xc8/v2.46/avr/bin/../lib/gcc/avr/5.4.0/avr5\libgcc.a(_copy_data.o)
 .text          0x0000000000000000        0x0 c:/program files/microchip/xc8/v2.46/avr/bin/../lib/gcc/avr/5.4.0/avr5\libgcc.a(_umulhisi3.o)
 .data          0x0000000000000000        0x0 c:/program files/microchip/xc8/v2.46/avr/bin/../lib/gcc/avr/5.4.0/avr5\libgcc.a(_umulhisi3.o)
 .bss           0x0000000000000000        0x0 c:/program files/microchip/xc8/v2.46/avr/bin/../lib/gcc/avr/5.4.0/avr5\libgcc.a(_umulhisi3.o)
 .text.libgcc.mul
                0x0000000000000000       0x1e c:/program files/microchip/xc8/v2.46/avr/bin/../lib/gcc/avr/5.4.0/avr5\libgcc.a(_umulhisi3.o)
 .stack.descriptors.hdr
                0x0000000000000000        0xe c:/program files/microchip/xc8/v2.46/avr/bin/../lib/gcc/avr/5.4.0/avr5\libgcc.a(_umulhisi3.o)
 .stack.descriptors
                0x0000000000000000       0x19 c:/program files/microchip/xc8/v2.46/avr/bin/../lib/gcc/avr/5.4.0/avr5\libgcc.a(_umulhisi3.o)
 .text.libgcc.div
                0x0000000000000000        0x0 c:/program files/microchip/xc8/v2.46/avr/bin/../lib/gcc/avr/5.4.0/avr5\libgcc.a(_umulhisi3.o)
 .text.libgcc   0x0000000000000000        0x0 c:/program files/microchip/xc8/v2.46/avr/bin/../lib/gcc/avr/5.4.0/avr5\libgcc.a(_umulhisi3.o)
 .text.libgcc.prologue
                0x0000000000000000        0x0 c:/program files/microchip/xc8/v2.46/avr/bin/../lib/gcc/avr/5.4.0/avr5\libgcc.a(_umulhisi3.o)
 .text.libgcc.builtins
                0x0000000000000000        0x0 c:/program files/microchip/xc8/v2.46/avr/bin/../lib/gcc/avr/5.4.0/avr5\libgcc.a(_umulhisi3.o)
 .text.libgcc.fmul
                0x0000000000000000        0x0 c:/program files/microchip/xc8/v2.46/avr/bin/../lib/gcc/avr/5.4.0/avr5\libgcc.a(_umulhisi3.o)
 .text.libgcc.fixed
                0x0000000000000000        0x0 c:/program files/microchip/xc8/v2.46/avr/bin/../lib/gcc/avr/5.4.0/avr5\libgcc.a(_umulhisi3.o)
 .text          0x0000000000000000        0x0 c:/program files/microchip/xc8/v2.46/avr/bin/../lib/gcc/avr/5.4.0/avr5\libgcc.a(_udivmodhi4.o)
 .data          0x0000000000000000        0x0 c:/program files/microchip/xc8/v2.46/avr/bin/../lib/gcc/avr/5.4.0/avr5\libgcc.a(_udivmodhi4.o)
 .bss           0x0000000000000000        0x0 c:/program files/microchip/xc8/v2.46/avr/bin/../lib/gcc/avr/5.4.0/avr5\libgcc.a(_udivmodhi4.o)
 .text.libgcc.mul
                0x0000000000000000        0x0 c:/program files/microchip/xc8/v2.46/avr/bin/../lib/gcc/avr/5.4.0/avr5\libgcc.a(_udivmodhi4.o)
 .text.libgcc.div
                0x0000000000000000       0x28 c:/program files/microchip/xc8/v2.46/avr/bin/../lib/gcc/avr/5.4.0/avr5\libgcc.a(_udivmodhi4.o)
 .stack.descriptors.hdr
                0x0000000000000000        0xe c:/program files/microchip/xc8/v2.46/avr/bin/../lib/gcc/avr/5.4.0/avr5\libgcc.a(_udivmodhi4.o)
 .stack.descriptors
                0x0000000000000000       0x1a c:/program files/microchip/xc8/v2.46/avr/bin/../lib/gcc/avr/5.4.0/avr5\libgcc.a(_udivmodhi4.o)
 .text.libgcc   0x0000000000000000        0x0 c:/program files/microchip/xc8/v2.46/avr/bin/../lib/gcc/avr/5.4.0/avr5\libgcc.a(_udivmodhi4.o)
 .text.libgcc.prologue
                0x0000000000000000        0x0 c:/program files/microchip/xc8/v2.46/avr/bin/../lib/gcc/avr/5.4.0/avr5\libgcc.a(_udivmodhi4.o)
 .text.libgcc.builtins
                0x0000000000000000        0x0 c:/program files/microchip/xc8/v2.46/avr/bin/../lib/gcc/avr/5.4.0/avr5\libgcc.a(_udivmodhi4.o)
 .text.libgcc.fmul
                0x0000000000000000        0x0 c:/program files/microchip/xc8/v2.46/avr/bin/../lib/gcc/avr/5.4.0/avr5\libgcc.a(_udivmodhi4.o)
 .text.libgcc.fixed
                0x0000000000000000        0x0 c:/program files/microchip/xc8/v2.46/avr/bin/../lib/gcc/avr/5.4.0/avr5\libgcc.a(_udivmodhi4.o)
 .text          0x0000000000000000        0x0 c:/program files/microchip/xc8/v2.46/avr/bin/../lib/gcc/avr/5.4.0/../../../../avr/lib/avr5\libc.a(exit.o)
 .data          0x0000000000000000        0x0 c:/program files/microchip/xc8/v2.46/avr/bin/../lib/gcc/avr/5.4.0/../../../../avr/lib/avr5\libc.a(exit.o)
 .bss           0x0000000000000000        0x0 c:/program files/microchip/xc8/v2.46/avr/bin/../lib/gcc/avr/5.4.0/../../../../avr/lib/avr5\libc.a(exit.o)
 .stack.descriptors
                0x0000000000000000       0x73 c:/program files/microchip/xc8/v2.46/avr/bin/../lib/gcc/avr/5.4.0/../../../../avr/lib/avr5\libc.a(exit.o)
 .text          0x0000000000000000        0x0 c:/program files/microchip/xc8/v2.46/avr/bin/../lib/gcc/avr/5.4.0/../../../../avr/lib/avr5\libc.a(_Exit.o)
 .data          0x0000000000000000        0x0 c:/program files/microchip/xc8/v2.46/avr/bin/../lib/gcc/avr/5.4.0/../../../../avr/lib/avr5\libc.a(_Exit.o)
 .bss           0x0000000000000000        0x0 c:/program files/microchip/xc8/v2.46/avr/bin/../lib/gcc/avr/5.4.0/../../../../avr/lib/avr5\libc.a(_Exit.o)
 .stack.descriptors
                0x0000000000000000       0x13 c:/program files/microchip/xc8/v2.46/avr/bin/../lib/gcc/avr/5.4.0/../../../../avr/lib/avr5\libc.a(_Exit.o)
 .text          0x0000000000000000        0x0 c:/program files/microchip/xc8/v2.46/avr/bin/../lib/gcc/avr/5.4.0/avr5\libgcc.a(_exit.o)
 .data          0x0000000000000000        0x0 c:/program files/microchip/xc8/v2.46/avr/bin/../lib/gcc/avr/5.4.0/avr5\libgcc.a(_exit.o)
 .bss           0x0000000000000000        0x0 c:/program files/microchip/xc8/v2.46/avr/bin/../lib/gcc/avr/5.4.0/avr5\libgcc.a(_exit.o)
 .text.libgcc.mul
                0x0000000000000000        0x0 c:/program files/microchip/xc8/v2.46/avr/bin/../lib/gcc/avr/5.4.0/avr5\libgcc.a(_exit.o)
 .text.libgcc.div
                0x0000000000000000        0x0 c:/program files/microchip/xc8/v2.46/avr/bin/../lib/gcc/avr/5.4.0/avr5\libgcc.a(_exit.o)
 .text.libgcc   0x0000000000000000        0x0 c:/program files/microchip/xc8/v2.46/avr/bin/../lib/gcc/avr/5.4.0/avr5\libgcc.a(_exit.o)
 .text.libgcc.prologue
                0x0000000000000000        0x0 c:/program files/microchip/xc8/v2.46/avr/bin/../lib/gcc/avr/5.4.0/avr5\libgcc.a(_exit.o)
 .stack.descriptors
                0x0000000000000000       0x13 c:/program files/microchip/xc8/v2.46/avr/bin/../lib/gcc/avr/5.4.0/avr5\libgcc.a(_exit.o)
 .text.libgcc.builtins
                0x0000000000000000        0x0 c:/program files/microchip/xc8/v2.46/avr/bin/../lib/gcc/avr/5.4.0/avr5\libgcc.a(_exit.o)
 .text.libgcc.fmul
                0x0000000000000000        0x0 c:/program files/microchip/xc8/v2.46/avr/bin/../lib/gcc/avr/5.4.0/avr5\libgcc.a(_exit.o)
 .text.libgcc.fixed
                0x0000000000000000        0x0 c:/program files/microchip/xc8/v2.46/avr/bin/../lib/gcc/avr/5.4.0/avr5\libgcc.a(_exit.o)

Memory Configuration

Name             Origin             Length             Attributes
text             0x0000000000000000 0x0000000000008000 xr
data             0x0000000000800060 0x0000000000000800 rw !x
eeprom           0x0000000000810000 0x0000000000000400 rw !x
fuse             0x0000000000820000 0x0000000000000002 rw !x
lock             0x0000000000830000 0x0000000000000400 rw !x
signature        0x0000000000840000 0x0000000000000400 rw !x
user_signatures  0x0000000000850000 0x0000000000000400 rw !x
bootrow          0x0000000000860000 0x0000000000000400 rw !x
*default*        0x0000000000000000 0xffffffffffffffff

Linker script and memory map

LOAD C:/Program Files/Microchip/MPLABX/v6.20/packs/Microchip/ATmega_DFP/3.1.264/xc8/avr/lib/avr5/crtatmega32a.o
                0x0000000000000001                __MPLAB_BUILD = 0x1
LOAD build/default/debug/main.o
LOAD build/default/debug/MyINT0.o
LOAD build/default/debug/MyINT1.o
LOAD build/default/debug/MyTimers.o
LOAD build/default/debug/MyLCD_4bit.o
LOAD build/default/debug/MyDIO.o
LOAD build/default/debug/Leds.o
START GROUP
LOAD c:/program files/microchip/xc8/v2.46/avr/bin/../lib/gcc/avr/5.4.0/../../../../avr/lib/avr5\libm.a
END GROUP
                0x0000000000000001                __MPLAB_DEBUG = 0x1
                0x0000000000000001                __DEBUG = 0x1
START GROUP
LOAD c:/program files/microchip/xc8/v2.46/avr/bin/../lib/gcc/avr/5.4.0/avr5\libgcc.a
LOAD c:/program files/microchip/xc8/v2.46/avr/bin/../lib/gcc/avr/5.4.0/../../../../avr/lib/avr5\libm.a
LOAD c:/program files/microchip/xc8/v2.46/avr/bin/../lib/gcc/avr/5.4.0/../../../../avr/lib/avr5\libc.a
LOAD C:/Program Files/Microchip/MPLABX/v6.20/packs/Microchip/ATmega_DFP/3.1.264/xc8/avr/lib/avr5\libatmega32a.a
END GROUP
                [0x0000000000000000]                __TEXT_REGION_ORIGIN__ = DEFINED (__TEXT_REGION_ORIGIN__)?__TEXT_REGION_ORIGIN__:0x0
                [0x0000000000800060]                __DATA_REGION_ORIGIN__ = DEFINED (__DATA_REGION_ORIGIN__)?__DATA_REGION_ORIGIN__:0x800060
                [0x0000000000008000]                __TEXT_REGION_LENGTH__ = DEFINED (__TEXT_REGION_LENGTH__)?__TEXT_REGION_LENGTH__:0x20000
                [0x0000000000000800]                __DATA_REGION_LENGTH__ = DEFINED (__DATA_REGION_LENGTH__)?__DATA_REGION_LENGTH__:0xffa0
                [0x0000000000000400]                __EEPROM_REGION_LENGTH__ = DEFINED (__EEPROM_REGION_LENGTH__)?__EEPROM_REGION_LENGTH__:0x10000
                [0x0000000000000002]                __FUSE_REGION_LENGTH__ = DEFINED (__FUSE_REGION_LENGTH__)?__FUSE_REGION_LENGTH__:0x400
                0x0000000000000400                __LOCK_REGION_LENGTH__ = DEFINED (__LOCK_REGION_LENGTH__)?__LOCK_REGION_LENGTH__:0x400
                0x0000000000000400                __SIGNATURE_REGION_LENGTH__ = DEFINED (__SIGNATURE_REGION_LENGTH__)?__SIGNATURE_REGION_LENGTH__:0x400
                0x0000000000000400                __USER_SIGNATURE_REGION_LENGTH__ = DEFINED (__USER_SIGNATURE_REGION_LENGTH__)?__USER_SIGNATURE_REGION_LENGTH__:0x400
                0x0000000000000400                __BOOTROW_REGION_LENGTH__ = DEFINED (__BOOTROW_REGION_LENGTH__)?__BOOTROW_REGION_LENGTH__:0x400

.hash
 *(.hash)

.dynsym
 *(.dynsym)

.dynstr
 *(.dynstr)

.gnu.version
 *(.gnu.version)

.gnu.version_d
 *(.gnu.version_d)

.gnu.version_r
 *(.gnu.version_r)

.rel.init
 *(.rel.init)

.rela.init
 *(.rela.init)

.rel.text
 *(.rel.text)
 *(.rel.text.*)
 *(.rel.gnu.linkonce.t*)

.rela.text
 *(.rela.text)
 *(.rela.text.*)
 *(.rela.gnu.linkonce.t*)

.rel.fini
 *(.rel.fini)

.rela.fini
 *(.rela.fini)

.rel.rodata
 *(.rel.rodata)
 *(.rel.rodata.*)
 *(.rel.gnu.linkonce.r*)

.rela.rodata
 *(.rela.rodata)
 *(.rela.rodata.*)
 *(.rela.gnu.linkonce.r*)

.rel.data
 *(.rel.data)
 *(.rel.data.*)
 *(.rel.gnu.linkonce.d*)

.rela.data
 *(.rela.data)
 *(.rela.data.*)
 *(.rela.gnu.linkonce.d*)

.rel.ctors
 *(.rel.ctors)

.rela.ctors
 *(.rela.ctors)

.rel.dtors
 *(.rel.dtors)

.rela.dtors
 *(.rela.dtors)

.rel.got
 *(.rel.got)

.rela.got
 *(.rela.got)

.rel.bss
 *(.rel.bss)

.rela.bss
 *(.rela.bss)

.rel.plt
 *(.rel.plt)

.rela.plt
 *(.rela.plt)

.text           0x0000000000000000       0xb4
 *(.vectors)
 .vectors       0x0000000000000000       0x54 C:/Program Files/Microchip/MPLABX/v6.20/packs/Microchip/ATmega_DFP/3.1.264/xc8/avr/lib/avr5/crtatmega32a.o
                0x0000000000000000                __vector_default
                0x0000000000000000                __vectors
 *(.vectors)
 *(.progmem.gcc*)
 *(.dinit)
 .dinit         0x0000000000000054        0xc data_init
                0x0000000000000060                . = ALIGN (0x2)
 *fill*         0x0000000000000060        0x0 
                0x0000000000000060                __trampolines_start = .
 *(.trampolines)
 .trampolines   0x0000000000000060        0x0 linker stubs
 *(.trampolines*)
                0x0000000000000060                __trampolines_end = .
 *libprintf_flt.a:*(.progmem.data)
 *libc.a:*(.progmem.data)
                0x0000000000000060                . = ALIGN (0x2)
 *(.jumptables)
 *(.jumptables*)
 *(.lowtext)
 *(.lowtext*)
                0x0000000000000060                __ctors_start = .
 *(.ctors)
                0x0000000000000060                __ctors_end = .
                0x0000000000000060                __dtors_start = .
 *(.dtors)
                0x0000000000000060                __dtors_end = .
 SORT(*)(.ctors)
 SORT(*)(.dtors)
 *(.init0)
 .init0         0x0000000000000060        0x0 C:/Program Files/Microchip/MPLABX/v6.20/packs/Microchip/ATmega_DFP/3.1.264/xc8/avr/lib/avr5/crtatmega32a.o
                0x0000000000000060                __init
 *(.init0)
 *(.init1)
 *(.init1)
 *(.init2)
 .init2         0x0000000000000060        0xc C:/Program Files/Microchip/MPLABX/v6.20/packs/Microchip/ATmega_DFP/3.1.264/xc8/avr/lib/avr5/crtatmega32a.o
 *(.init2)
 *(.init3)
 *(.init3)
 *(.init4)
 .init4         0x000000000000006c       0x3c c:/program files/microchip/xc8/v2.46/avr/bin/../lib/gcc/avr/5.4.0/avr5\libgcc.a(_copy_data.o)
                0x000000000000006c                __do_copy_data
                0x000000000000009a                __do_clear_bss
 *(.init4)
 *(.init5)
 *(.init5)
 *(.init6)
 *(.init6)
 *(.init7)
 *(.init7)
 *(.init8)
 *(.init8)
 *(.init9)
 .init9         0x00000000000000a8        0x8 C:/Program Files/Microchip/MPLABX/v6.20/packs/Microchip/ATmega_DFP/3.1.264/xc8/avr/lib/avr5/crtatmega32a.o
 *(.init9)
                0x00000000000000b0                . = ALIGN (0x2)
 *(.fini9)
 .fini9         0x00000000000000b0        0x0 c:/program files/microchip/xc8/v2.46/avr/bin/../lib/gcc/avr/5.4.0/avr5\libgcc.a(_exit.o)
                0x00000000000000b0                _exit
 *(.fini9)
 *(.fini8)
 *(.fini8)
 *(.fini7)
 *(.fini7)
 *(.fini6)
 *(.fini6)
 *(.fini5)
 *(.fini5)
 *(.fini4)
 *(.fini4)
 *(.fini3)
 *(.fini3)
 *(.fini2)
 *(.fini2)
 *(.fini1)
 *(.fini1)
 *(.fini0)
 .fini0         0x00000000000000b0        0x4 c:/program files/microchip/xc8/v2.46/avr/bin/../lib/gcc/avr/5.4.0/avr5\libgcc.a(_exit.o)
 *(.fini0)
                0x00000000000000b4                _etext = .

.data           0x0000000000800060        0x0 load address 0x00000000000000b4
                [!provide]                        PROVIDE (__data_start, .)
 *(.gnu.linkonce.d*)
 *(.gnu.linkonce.r*)
                0x0000000000800060                . = ALIGN (0x2)
 *fill*         0x0000000000800060        0x0 
                0x0000000000800060                _edata = .
                [!provide]                        PROVIDE (__data_end, .)

.bss            0x0000000000800060        0x0
                [!provide]                        PROVIDE (__bss_start, .)
 *(COMMON)
                [!provide]                        PROVIDE (__bss_end, .)
                0x00000000000000b4                __data_load_start = LOADADDR (.data)
                0x00000000000000b4                __data_load_end = (__data_load_start + SIZEOF (.data))

.noinit         0x0000000000800060        0x0
                [!provide]                        PROVIDE (__noinit_start, .)
 *(.noinit*)
                [!provide]                        PROVIDE (__noinit_end, .)
                0x0000000000800060                _end = .

.eeprom         0x0000000000810000        0x0
 *(.eeprom*)
                0x0000000000810000                __eeprom_end = .

.fuse
 *(.fuse)
 *(.lfuse)
 *(.hfuse)
 *(.efuse)

.lock
 *(.lock*)

.signature
 *(.signature*)

.user_signatures
 *(.user_signatures*)

.bootrow
 *(.bootrow*)

.stab
 *(.stab)

.stabstr
 *(.stabstr)

.stab.excl
 *(.stab.excl)

.stab.exclstr
 *(.stab.exclstr)

.stab.index
 *(.stab.index)

.stab.indexstr
 *(.stab.indexstr)

.comment        0x0000000000000000       0x5b
 *(.comment)
 .comment       0x0000000000000000       0x2f build/default/debug/main.o
                                         0x30 (size before relaxing)
 .comment       0x000000000000002f       0x30 build/default/debug/MyLCD_4bit.o
 .comment       0x000000000000002f       0x30 build/default/debug/MyDIO.o
 .comment       0x000000000000002f       0x2c c:/program files/microchip/xc8/v2.46/avr/bin/../lib/gcc/avr/5.4.0/../../../../avr/lib/avr5\libc.a(exit.o)
                                         0x2d (size before relaxing)
 .comment       0x000000000000005b       0x2d c:/program files/microchip/xc8/v2.46/avr/bin/../lib/gcc/avr/5.4.0/../../../../avr/lib/avr5\libc.a(_Exit.o)

.stack.descriptors.hdr
                0x0000000000000000       0x2a
 .stack.descriptors.hdr
                0x0000000000000000        0xe c:/program files/microchip/xc8/v2.46/avr/bin/../lib/gcc/avr/5.4.0/../../../../avr/lib/avr5\libc.a(exit.o)
 .stack.descriptors.hdr
                0x000000000000000e        0xe c:/program files/microchip/xc8/v2.46/avr/bin/../lib/gcc/avr/5.4.0/../../../../avr/lib/avr5\libc.a(_Exit.o)
 .stack.descriptors.hdr
                0x000000000000001c        0xe c:/program files/microchip/xc8/v2.46/avr/bin/../lib/gcc/avr/5.4.0/avr5\libgcc.a(_exit.o)

.note.GNU-stack
                0x0000000000000000        0x0
 .note.GNU-stack
                0x0000000000000000        0x0 c:/program files/microchip/xc8/v2.46/avr/bin/../lib/gcc/avr/5.4.0/../../../../avr/lib/avr5\libc.a(exit.o)
 .note.GNU-stack
                0x0000000000000000        0x0 c:/program files/microchip/xc8/v2.46/avr/bin/../lib/gcc/avr/5.4.0/../../../../avr/lib/avr5\libc.a(_Exit.o)

.note.gnu.build-id
 *(.note.gnu.build-id)

.debug
 *(.debug)

.line
 *(.line)

.debug_srcinfo
 *(.debug_srcinfo)

.debug_sfnames
 *(.debug_sfnames)

.debug_aranges  0x0000000000000000      0x1d0
 *(.debug_aranges)
 .debug_aranges
                0x0000000000000000       0x80 build/default/debug/main.o
 .debug_aranges
                0x0000000000000080       0x58 build/default/debug/MyLCD_4bit.o
 .debug_aranges
                0x00000000000000d8       0xf8 build/default/debug/MyDIO.o

.debug_pubnames
 *(.debug_pubnames)

.debug_info     0x0000000000000000     0x1ca7
 *(.debug_info .gnu.linkonce.wi.*)
 .debug_info    0x0000000000000000      0x4e6 C:/Program Files/Microchip/MPLABX/v6.20/packs/Microchip/ATmega_DFP/3.1.264/xc8/avr/lib/avr5/crtatmega32a.o
 .debug_info    0x00000000000004e6      0x7d0 build/default/debug/main.o
 .debug_info    0x0000000000000cb6      0x7e3 build/default/debug/MyLCD_4bit.o
 .debug_info    0x0000000000001499      0x80e build/default/debug/MyDIO.o

.debug_abbrev   0x0000000000000000      0x978
 *(.debug_abbrev)
 .debug_abbrev  0x0000000000000000      0x4a3 C:/Program Files/Microchip/MPLABX/v6.20/packs/Microchip/ATmega_DFP/3.1.264/xc8/avr/lib/avr5/crtatmega32a.o
 .debug_abbrev  0x00000000000004a3      0x24c build/default/debug/main.o
 .debug_abbrev  0x00000000000006ef      0x1b7 build/default/debug/MyLCD_4bit.o
 .debug_abbrev  0x00000000000008a6       0xd2 build/default/debug/MyDIO.o

.debug_line     0x0000000000000000      0xbf5
 *(.debug_line .debug_line.* .debug_line_end)
 .debug_line    0x0000000000000000      0x116 C:/Program Files/Microchip/MPLABX/v6.20/packs/Microchip/ATmega_DFP/3.1.264/xc8/avr/lib/avr5/crtatmega32a.o
 .debug_line    0x0000000000000116      0x394 build/default/debug/main.o
 .debug_line    0x00000000000004aa      0x311 build/default/debug/MyLCD_4bit.o
 .debug_line    0x00000000000007bb      0x43a build/default/debug/MyDIO.o

.debug_frame    0x0000000000000000      0x3d0
 *(.debug_frame)
 .debug_frame   0x0000000000000000      0x108 build/default/debug/main.o
 .debug_frame   0x0000000000000108       0xf4 build/default/debug/MyLCD_4bit.o
 .debug_frame   0x00000000000001fc      0x1d4 build/default/debug/MyDIO.o

.debug_str      0x0000000000000000      0x232
 *(.debug_str)
 .debug_str     0x0000000000000000      0x196 C:/Program Files/Microchip/MPLABX/v6.20/packs/Microchip/ATmega_DFP/3.1.264/xc8/avr/lib/avr5/crtatmega32a.o
 .debug_str     0x0000000000000196       0x3e build/default/debug/main.o
 .debug_str     0x00000000000001d4       0x43 build/default/debug/MyLCD_4bit.o
 .debug_str     0x0000000000000217       0x1b build/default/debug/MyDIO.o

.debug_loc      0x0000000000000000      0xca6
 *(.debug_loc)
 .debug_loc     0x0000000000000000      0x1a8 build/default/debug/main.o
 .debug_loc     0x00000000000001a8      0x47e build/default/debug/MyLCD_4bit.o
 .debug_loc     0x0000000000000626      0x680 build/default/debug/MyDIO.o

.debug_macinfo
 *(.debug_macinfo)

.debug_weaknames
 *(.debug_weaknames)

.debug_funcnames
 *(.debug_funcnames)

.debug_typenames
 *(.debug_typenames)

.debug_varnames
 *(.debug_varnames)

.debug_pubtypes
 *(.debug_pubtypes)

.debug_ranges   0x0000000000000000      0x1e8
 *(.debug_ranges)
 .debug_ranges  0x0000000000000000       0xb8 build/default/debug/main.o
 .debug_ranges  0x00000000000000b8       0x48 build/default/debug/MyLCD_4bit.o
 .debug_ranges  0x0000000000000100       0xe8 build/default/debug/MyDIO.o

.debug_macro
 *(.debug_macro)
OUTPUT(dist/default/debug/obstacle_avoiding_car.X.debug.elf elf32-avr)
LOAD linker stubs
LOAD data_init

.note.gnu.avr.deviceinfo
                0x0000000000000000       0x3c
 .note.gnu.avr.deviceinfo
                0x0000000000000000       0x3c C:/Program Files/Microchip/MPLABX/v6.20/packs/Microchip/ATmega_DFP/3.1.264/xc8/avr/lib/avr5/crtatmega32a.o

.bss.rising_edge_time.2103
                0x0000000000800065        0x2
 .bss.rising_edge_time.2103
                0x0000000000800065        0x2 build/default/debug/main.o

.bss.pulse_duration
                0x0000000000800067        0x2
 .bss.pulse_duration
                0x0000000000800067        0x2 build/default/debug/main.o
                0x0000000000800067                pulse_duration

.text.init_LCD4
                0x00000000000000b4       0x68
 .text.init_LCD4
                0x00000000000000b4       0x68 build/default/debug/MyLCD_4bit.o
                0x00000000000000b4                init_LCD4

.text.__vector_6
                0x000000000000011c       0x56
 .text.__vector_6
                0x000000000000011c       0x56 build/default/debug/main.o
                0x000000000000011c                __vector_6

.text.setPINB_DIR
                0x0000000000000172       0x44
 .text.setPINB_DIR
                0x0000000000000172       0x44 build/default/debug/MyDIO.o
                0x0000000000000172                setPINB_DIR

.text.LCD4_COMMAND
                0x00000000000001b6       0x42
 .text.LCD4_COMMAND
                0x00000000000001b6       0x42 build/default/debug/MyLCD_4bit.o
                0x00000000000001b6                LCD4_COMMAND

.text.LCD4_DATA
                0x00000000000001f8       0x42
 .text.LCD4_DATA
                0x00000000000001f8       0x42 build/default/debug/MyLCD_4bit.o
                0x00000000000001f8                LCD4_DATA

.text.setPINB   0x000000000000023a       0x42
 .text.setPINB  0x000000000000023a       0x42 build/default/debug/MyDIO.o
                0x000000000000023a                setPINB

.text.LCD4_EN   0x000000000000027c       0x24
 .text.LCD4_EN  0x000000000000027c       0x24 build/default/debug/MyLCD_4bit.o
                0x000000000000027c                LCD4_EN

.text.setPORTA_DIR_VAL
                0x00000000000002a0       0x20
 .text.setPORTA_DIR_VAL
                0x00000000000002a0       0x20 build/default/debug/MyDIO.o
                0x00000000000002a0                setPORTA_DIR_VAL

.text.LCD4_DATA_STR
                0x00000000000002c0       0x1e
 .text.LCD4_DATA_STR
                0x00000000000002c0       0x1e build/default/debug/MyLCD_4bit.o
                0x00000000000002c0                LCD4_DATA_STR

.text.exit      0x00000000000002de       0x16
 .text.exit     0x00000000000002de       0x16 c:/program files/microchip/xc8/v2.46/avr/bin/../lib/gcc/avr/5.4.0/../../../../avr/lib/avr5\libc.a(exit.o)
                0x00000000000002de                exit

.text.main      0x00000000000002f4       0x12
 .text.main     0x00000000000002f4       0x12 build/default/debug/main.o
                0x00000000000002f4                main

.text           0x0000000000000306        0x4
 .text          0x0000000000000306        0x4 C:/Program Files/Microchip/MPLABX/v6.20/packs/Microchip/ATmega_DFP/3.1.264/xc8/avr/lib/avr5/crtatmega32a.o
                0x0000000000000306                __vector_1
                0x0000000000000306                __vector_12
                0x0000000000000306                __bad_interrupt
                0x0000000000000306                __vector_3
                0x0000000000000306                __vector_11
                0x0000000000000306                __vector_13
                0x0000000000000306                __vector_17
                0x0000000000000306                __vector_19
                0x0000000000000306                __vector_7
                0x0000000000000306                __vector_5
                0x0000000000000306                __vector_4
                0x0000000000000306                __vector_9
                0x0000000000000306                __vector_2
                0x0000000000000306                __vector_15
                0x0000000000000306                __vector_8
                0x0000000000000306                __vector_14
                0x0000000000000306                __vector_10
                0x0000000000000306                __vector_16
                0x0000000000000306                __vector_18
                0x0000000000000306                __vector_20

.text._Exit     0x000000000000030a        0x4
 .text._Exit    0x000000000000030a        0x4 c:/program files/microchip/xc8/v2.46/avr/bin/../lib/gcc/avr/5.4.0/../../../../avr/lib/avr5\libc.a(_Exit.o)
                0x000000000000030a                _Exit

.text.__dummy_fini
                0x000000000000030e        0x2
 .text.__dummy_fini
                0x000000000000030e        0x2 c:/program files/microchip/xc8/v2.46/avr/bin/../lib/gcc/avr/5.4.0/../../../../avr/lib/avr5\libc.a(exit.o)
                0x000000000000030e                _fini

.text.__dummy_funcs_on_exit
                0x0000000000000310        0x2
 .text.__dummy_funcs_on_exit
                0x0000000000000310        0x2 c:/program files/microchip/xc8/v2.46/avr/bin/../lib/gcc/avr/5.4.0/../../../../avr/lib/avr5\libc.a(exit.o)
                0x0000000000000310                __funcs_on_exit

.text.__dummy_simulator_exit
                0x0000000000000312        0x2
 .text.__dummy_simulator_exit
                0x0000000000000312        0x2 c:/program files/microchip/xc8/v2.46/avr/bin/../lib/gcc/avr/5.4.0/../../../../avr/lib/avr5\libc.a(exit.o)
                0x0000000000000312                __simulator_exit

.rodata         0x0000000000800060        0x5 load address 0x0000000000000314
 .rodata        0x0000000000800060        0x5 build/default/debug/main.o
