Archive member included to satisfy reference by file (symbol)

c:/program files/microchip/xc8/v2.46/avr/bin/../lib/gcc/avr/5.4.0/avr5\libgcc.a(_divmodhi4.o)
                              build/default/production/MyLCD_4bit.o (__divmodhi4)
c:/program files/microchip/xc8/v2.46/avr/bin/../lib/gcc/avr/5.4.0/avr5\libgcc.a(_tablejump2.o)
                              build/default/production/MyTimers.o (__tablejump2__)
c:/program files/microchip/xc8/v2.46/avr/bin/../lib/gcc/avr/5.4.0/avr5\libgcc.a(_copy_data.o)
                              build/default/production/main.o (__do_clear_bss)
c:/program files/microchip/xc8/v2.46/avr/bin/../lib/gcc/avr/5.4.0/avr5\libgcc.a(_umulhisi3.o)
                              build/default/production/main.o (__umulhisi3)
c:/program files/microchip/xc8/v2.46/avr/bin/../lib/gcc/avr/5.4.0/avr5\libgcc.a(_udivmodhi4.o)
                              c:/program files/microchip/xc8/v2.46/avr/bin/../lib/gcc/avr/5.4.0/avr5\libgcc.a(_divmodhi4.o) (__udivmodhi4)
c:/program files/microchip/xc8/v2.46/avr/bin/../lib/gcc/avr/5.4.0/../../../../avr/lib/avr5\libc.a(exit.o)
                              C:/Program Files/Microchip/MPLABX/v6.20/packs/Microchip/ATmega_DFP/3.1.264/xc8/avr/lib/avr5/crtatmega32a.o (exit)
c:/program files/microchip/xc8/v2.46/avr/bin/../lib/gcc/avr/5.4.0/../../../../avr/lib/avr5\libc.a(_Exit.o)
                              c:/program files/microchip/xc8/v2.46/avr/bin/../lib/gcc/avr/5.4.0/../../../../avr/lib/avr5\libc.a(exit.o) (_Exit)
c:/program files/microchip/xc8/v2.46/avr/bin/../lib/gcc/avr/5.4.0/avr5\libgcc.a(_exit.o)
                              c:/program files/microchip/xc8/v2.46/avr/bin/../lib/gcc/avr/5.4.0/../../../../avr/lib/avr5\libc.a(_Exit.o) (_exit)

Discarded input sections

 .data          0x0000000000000000        0x0 C:/Program Files/Microchip/MPLABX/v6.20/packs/Microchip/ATmega_DFP/3.1.264/xc8/avr/lib/avr5/crtatmega32a.o
 .bss           0x0000000000000000        0x0 C:/Program Files/Microchip/MPLABX/v6.20/packs/Microchip/ATmega_DFP/3.1.264/xc8/avr/lib/avr5/crtatmega32a.o
 .text          0x0000000000000000        0x0 build/default/production/main.o
 .data          0x0000000000000000        0x0 build/default/production/main.o
 .bss           0x0000000000000000        0x0 build/default/production/main.o
 .text.calculate_distance
                0x0000000000000000       0x1e build/default/production/main.o
 .text.init_servo
                0x0000000000000000       0x16 build/default/production/main.o
 .text.servo_rotate
                0x0000000000000000       0x42 build/default/production/main.o
 .bss.echo_flag
                0x0000000000000000        0x1 build/default/production/main.o
 .bss.overflow_count
                0x0000000000000000        0x2 build/default/production/main.o
 .bss.i         0x0000000000000000        0x2 build/default/production/main.o
 .bss.timer_value
                0x0000000000000000        0x2 build/default/production/main.o
 .text          0x0000000000000000        0x0 build/default/production/MyINT0.o
 .data          0x0000000000000000        0x0 build/default/production/MyINT0.o
 .bss           0x0000000000000000        0x0 build/default/production/MyINT0.o
 .text.INT0_selectMode
                0x0000000000000000       0x3a build/default/production/MyINT0.o
 .text.init_INT0
                0x0000000000000000        0xc build/default/production/MyINT0.o
 .text.INT0_DISABLE
                0x0000000000000000        0x8 build/default/production/MyINT0.o
 .text.INT0_changeMode
                0x0000000000000000       0x12 build/default/production/MyINT0.o
 .debug_info    0x0000000000000000      0x31a build/default/production/MyINT0.o
 .debug_abbrev  0x0000000000000000       0xab build/default/production/MyINT0.o
 .debug_loc     0x0000000000000000       0xae build/default/production/MyINT0.o
 .debug_aranges
                0x0000000000000000       0x38 build/default/production/MyINT0.o
 .debug_ranges  0x0000000000000000       0x28 build/default/production/MyINT0.o
 .debug_line    0x0000000000000000      0x106 build/default/production/MyINT0.o
 .debug_str     0x0000000000000000        0x9 build/default/production/MyINT0.o
 .comment       0x0000000000000000       0x30 build/default/production/MyINT0.o
 .debug_frame   0x0000000000000000       0x54 build/default/production/MyINT0.o
 .text          0x0000000000000000        0x0 build/default/production/MyINT1.o
 .data          0x0000000000000000        0x0 build/default/production/MyINT1.o
 .bss           0x0000000000000000        0x0 build/default/production/MyINT1.o
 .text.INT1_selectMode
                0x0000000000000000       0x3c build/default/production/MyINT1.o
 .text.init_INT1
                0x0000000000000000        0xc build/default/production/MyINT1.o
 .text.INT1_DISABLE
                0x0000000000000000        0x8 build/default/production/MyINT1.o
 .text.INT1_changeMode
                0x0000000000000000       0x12 build/default/production/MyINT1.o
 .debug_info    0x0000000000000000      0x31a build/default/production/MyINT1.o
 .debug_abbrev  0x0000000000000000       0xab build/default/production/MyINT1.o
 .debug_loc     0x0000000000000000       0xae build/default/production/MyINT1.o
 .debug_aranges
                0x0000000000000000       0x38 build/default/production/MyINT1.o
 .debug_ranges  0x0000000000000000       0x28 build/default/production/MyINT1.o
 .debug_line    0x0000000000000000      0x106 build/default/production/MyINT1.o
 .debug_str     0x0000000000000000        0x9 build/default/production/MyINT1.o
 .comment       0x0000000000000000       0x30 build/default/production/MyINT1.o
 .debug_frame   0x0000000000000000       0x54 build/default/production/MyINT1.o
 .text          0x0000000000000000        0x0 build/default/production/MyTimers.o
 .data          0x0000000000000000        0x0 build/default/production/MyTimers.o
 .bss           0x0000000000000000        0x0 build/default/production/MyTimers.o
 .text.TIMER0_TOVI_EN
                0x0000000000000000        0x8 build/default/production/MyTimers.o
 .text.TIMER0_OCI_EN
                0x0000000000000000        0x8 build/default/production/MyTimers.o
 .text.TIMER0_SELECTMODE
                0x0000000000000000       0x3c build/default/production/MyTimers.o
 .text.initTimer0
                0x0000000000000000       0x12 build/default/production/MyTimers.o
 .text.TIMER0_OCO_INIT
                0x0000000000000000        0xe build/default/production/MyTimers.o
 .text.TIMER0_OC0_SELSECTMODE
                0x0000000000000000       0x16 build/default/production/MyTimers.o
 .text.TIMER2_SELECTCLK
                0x0000000000000000        0xe build/default/production/MyTimers.o
 .text.TIMER2_TOV2_EN
                0x0000000000000000        0x8 build/default/production/MyTimers.o
 .text.TIMER2_OCI_EN
                0x0000000000000000        0x8 build/default/production/MyTimers.o
 .text.TIMER2_SELECTMODE
                0x0000000000000000       0x3c build/default/production/MyTimers.o
 .text.initTimer2
                0x0000000000000000       0x12 build/default/production/MyTimers.o
 .text.TIMER2_OC2_INIT
                0x0000000000000000        0xe build/default/production/MyTimers.o
 .text.TIMER2_OC2_SELSECTMODE
                0x0000000000000000       0x16 build/default/production/MyTimers.o
 .text.TIMER1_SELECTCLK
                0x0000000000000000        0xe build/default/production/MyTimers.o
 .text.TIMER1_TOVI_EN
                0x0000000000000000        0x8 build/default/production/MyTimers.o
 .text.TIMER1_OCIA_EN
                0x0000000000000000        0x8 build/default/production/MyTimers.o
 .text.TIMER1_OCIB_EN
                0x0000000000000000        0x8 build/default/production/MyTimers.o
 .text.TIMER1_ICI_EN
                0x0000000000000000        0x8 build/default/production/MyTimers.o
 .text.TIMER1_SELECTMODE
                0x0000000000000000      0x230 build/default/production/MyTimers.o
 .progmem.gcc_sw_table.TIMER1_SELECTMODE
                0x0000000000000000       0x20 build/default/production/MyTimers.o
 .text.initTimer1
                0x0000000000000000       0x12 build/default/production/MyTimers.o
 .text.TIMER1_SET_INPUT_CAPTURE
                0x0000000000000000       0x20 build/default/production/MyTimers.o
 .text.TIMER1_OC1A_B_INIT
                0x0000000000000000       0x1a build/default/production/MyTimers.o
 .text.TIMER1_OC1A_SELSECTMODE
                0x0000000000000000       0x16 build/default/production/MyTimers.o
 .text.TIMER1_OC1B_SELSECTMODE
                0x0000000000000000       0x16 build/default/production/MyTimers.o
 .debug_info    0x0000000000000000      0x918 build/default/production/MyTimers.o
 .debug_abbrev  0x0000000000000000      0x13b build/default/production/MyTimers.o
 .debug_loc     0x0000000000000000      0x46d build/default/production/MyTimers.o
 .debug_aranges
                0x0000000000000000       0xd8 build/default/production/MyTimers.o
 .debug_ranges  0x0000000000000000       0xc8 build/default/production/MyTimers.o
 .debug_line    0x0000000000000000      0x638 build/default/production/MyTimers.o
 .debug_str     0x0000000000000000       0x39 build/default/production/MyTimers.o
 .comment       0x0000000000000000       0x30 build/default/production/MyTimers.o
 .debug_frame   0x0000000000000000      0x1b8 build/default/production/MyTimers.o
 .text          0x0000000000000000        0x0 build/default/production/MyLCD_4bit.o
 .data          0x0000000000000000        0x0 build/default/production/MyLCD_4bit.o
 .bss           0x0000000000000000        0x0 build/default/production/MyLCD_4bit.o
 .text          0x0000000000000000        0x0 build/default/production/MyDIO.o
 .data          0x0000000000000000        0x0 build/default/production/MyDIO.o
 .bss           0x0000000000000000        0x0 build/default/production/MyDIO.o
 .text.setPORTA_DIR_VAL
                0x0000000000000000       0x20 build/default/production/MyDIO.o
 .text.setPORTB_DIR_VAL
                0x0000000000000000       0x20 build/default/production/MyDIO.o
 .text.setPORTD_DIR_VAL
                0x0000000000000000       0x20 build/default/production/MyDIO.o
 .text.setPINA_DIR
                0x0000000000000000       0x44 build/default/production/MyDIO.o
 .text.setPINB_DIR
                0x0000000000000000       0x44 build/default/production/MyDIO.o
 .text.setPINC_DIR
                0x0000000000000000       0x44 build/default/production/MyDIO.o
 .text.setPORTA_DIR
                0x0000000000000000       0x14 build/default/production/MyDIO.o
 .text.setPORTB_DIR
                0x0000000000000000       0x14 build/default/production/MyDIO.o
 .text.setPORTC_DIR
                0x0000000000000000       0x14 build/default/production/MyDIO.o
 .text.setPORTD_DIR
                0x0000000000000000       0x14 build/default/production/MyDIO.o
 .text.setPORTA_VAL
                0x0000000000000000        0x4 build/default/production/MyDIO.o
 .text.setPORTB_VAL
                0x0000000000000000        0x4 build/default/production/MyDIO.o
 .text.setPORTC_VAL
                0x0000000000000000        0x4 build/default/production/MyDIO.o
 .text.setPORTD_VAL
                0x0000000000000000        0x4 build/default/production/MyDIO.o
 .text.setPINA  0x0000000000000000       0x42 build/default/production/MyDIO.o
 .text.setPINB  0x0000000000000000       0x42 build/default/production/MyDIO.o
 .text.setPINC  0x0000000000000000       0x42 build/default/production/MyDIO.o
 .text.readPORTA
                0x0000000000000000        0x4 build/default/production/MyDIO.o
 .text.readPORTB
                0x0000000000000000        0x4 build/default/production/MyDIO.o
 .text.readPORTC
                0x0000000000000000        0x4 build/default/production/MyDIO.o
 .text.readPORTD
                0x0000000000000000        0x4 build/default/production/MyDIO.o
 .text.readPINA
                0x0000000000000000       0x18 build/default/production/MyDIO.o
 .text.readPINB
                0x0000000000000000       0x18 build/default/production/MyDIO.o
 .text.readPINC
                0x0000000000000000       0x18 build/default/production/MyDIO.o
 .text.readPIND
                0x0000000000000000       0x18 build/default/production/MyDIO.o
 .text          0x0000000000000000        0x0 c:/program files/microchip/xc8/v2.46/avr/bin/../lib/gcc/avr/5.4.0/avr5\libgcc.a(_divmodhi4.o)
 .data          0x0000000000000000        0x0 c:/program files/microchip/xc8/v2.46/avr/bin/../lib/gcc/avr/5.4.0/avr5\libgcc.a(_divmodhi4.o)
 .bss           0x0000000000000000        0x0 c:/program files/microchip/xc8/v2.46/avr/bin/../lib/gcc/avr/5.4.0/avr5\libgcc.a(_divmodhi4.o)
 .text.libgcc.mul
                0x0000000000000000        0x0 c:/program files/microchip/xc8/v2.46/avr/bin/../lib/gcc/avr/5.4.0/avr5\libgcc.a(_divmodhi4.o)
 .stack.descriptors
                0x0000000000000000       0x19 c:/program files/microchip/xc8/v2.46/avr/bin/../lib/gcc/avr/5.4.0/avr5\libgcc.a(_divmodhi4.o)
 .text.libgcc   0x0000000000000000        0x0 c:/program files/microchip/xc8/v2.46/avr/bin/../lib/gcc/avr/5.4.0/avr5\libgcc.a(_divmodhi4.o)
 .text.libgcc.prologue
                0x0000000000000000        0x0 c:/program files/microchip/xc8/v2.46/avr/bin/../lib/gcc/avr/5.4.0/avr5\libgcc.a(_divmodhi4.o)
 .text.libgcc.builtins
                0x0000000000000000        0x0 c:/program files/microchip/xc8/v2.46/avr/bin/../lib/gcc/avr/5.4.0/avr5\libgcc.a(_divmodhi4.o)
 .text.libgcc.fmul
                0x0000000000000000        0x0 c:/program files/microchip/xc8/v2.46/avr/bin/../lib/gcc/avr/5.4.0/avr5\libgcc.a(_divmodhi4.o)
 .text.libgcc.fixed
                0x0000000000000000        0x0 c:/program files/microchip/xc8/v2.46/avr/bin/../lib/gcc/avr/5.4.0/avr5\libgcc.a(_divmodhi4.o)
 .text          0x0000000000000000        0x0 c:/program files/microchip/xc8/v2.46/avr/bin/../lib/gcc/avr/5.4.0/avr5\libgcc.a(_tablejump2.o)
 .data          0x0000000000000000        0x0 c:/program files/microchip/xc8/v2.46/avr/bin/../lib/gcc/avr/5.4.0/avr5\libgcc.a(_tablejump2.o)
 .bss           0x0000000000000000        0x0 c:/program files/microchip/xc8/v2.46/avr/bin/../lib/gcc/avr/5.4.0/avr5\libgcc.a(_tablejump2.o)
 .text.libgcc.mul
                0x0000000000000000        0x0 c:/program files/microchip/xc8/v2.46/avr/bin/../lib/gcc/avr/5.4.0/avr5\libgcc.a(_tablejump2.o)
 .text.libgcc.div
                0x0000000000000000        0x0 c:/program files/microchip/xc8/v2.46/avr/bin/../lib/gcc/avr/5.4.0/avr5\libgcc.a(_tablejump2.o)
 .text.libgcc   0x0000000000000000        0xc c:/program files/microchip/xc8/v2.46/avr/bin/../lib/gcc/avr/5.4.0/avr5\libgcc.a(_tablejump2.o)
 .text.libgcc.prologue
                0x0000000000000000        0x0 c:/program files/microchip/xc8/v2.46/avr/bin/../lib/gcc/avr/5.4.0/avr5\libgcc.a(_tablejump2.o)
 .stack.descriptors.hdr
                0x0000000000000000        0xe c:/program files/microchip/xc8/v2.46/avr/bin/../lib/gcc/avr/5.4.0/avr5\libgcc.a(_tablejump2.o)
 .stack.descriptors
                0x0000000000000000       0x1c c:/program files/microchip/xc8/v2.46/avr/bin/../lib/gcc/avr/5.4.0/avr5\libgcc.a(_tablejump2.o)
 .text.libgcc.builtins
                0x0000000000000000        0x0 c:/program files/microchip/xc8/v2.46/avr/bin/../lib/gcc/avr/5.4.0/avr5\libgcc.a(_tablejump2.o)
 .text.libgcc.fmul
                0x0000000000000000        0x0 c:/program files/microchip/xc8/v2.46/avr/bin/../lib/gcc/avr/5.4.0/avr5\libgcc.a(_tablejump2.o)
 .text.libgcc.fixed
                0x0000000000000000        0x0 c:/program files/microchip/xc8/v2.46/avr/bin/../lib/gcc/avr/5.4.0/avr5\libgcc.a(_tablejump2.o)
 .text          0x0000000000000000        0x0 c:/program files/microchip/xc8/v2.46/avr/bin/../lib/gcc/avr/5.4.0/avr5\libgcc.a(_copy_data.o)
 .data          0x0000000000000000        0x0 c:/program files/microchip/xc8/v2.46/avr/bin/../lib/gcc/avr/5.4.0/avr5\libgcc.a(_copy_data.o)
 .bss           0x0000000000000000        0x0 c:/program files/microchip/xc8/v2.46/avr/bin/../lib/gcc/avr/5.4.0/avr5\libgcc.a(_copy_data.o)
 .text.libgcc.mul
                0x0000000000000000        0x0 c:/program files/microchip/xc8/v2.46/avr/bin/../lib/gcc/avr/5.4.0/avr5\libgcc.a(_copy_data.o)
 .text.libgcc.div
                0x0000000000000000        0x0 c:/program files/microchip/xc8/v2.46/avr/bin/../lib/gcc/avr/5.4.0/avr5\libgcc.a(_copy_data.o)
 .text.libgcc   0x0000000000000000        0x0 c:/program files/microchip/xc8/v2.46/avr/bin/../lib/gcc/avr/5.4.0/avr5\libgcc.a(_copy_data.o)
 .text.libgcc.prologue
                0x0000000000000000        0x0 c:/program files/microchip/xc8/v2.46/avr/bin/../lib/gcc/avr/5.4.0/avr5\libgcc.a(_copy_data.o)
 .text.libgcc.builtins
                0x0000000000000000        0x0 c:/program files/microchip/xc8/v2.46/avr/bin/../lib/gcc/avr/5.4.0/avr5\libgcc.a(_copy_data.o)
 .text.libgcc.fmul
                0x0000000000000000        0x0 c:/program files/microchip/xc8/v2.46/avr/bin/../lib/gcc/avr/5.4.0/avr5\libgcc.a(_copy_data.o)
 .text.libgcc.fixed
                0x0000000000000000        0x0 c:/program files/microchip/xc8/v2.46/avr/bin/../lib/gcc/avr/5.4.0/avr5\libgcc.a(_copy_data.o)
 .text          0x0000000000000000        0x0 c:/program files/microchip/xc8/v2.46/avr/bin/../lib/gcc/avr/5.4.0/avr5\libgcc.a(_umulhisi3.o)
 .data          0x0000000000000000        0x0 c:/program files/microchip/xc8/v2.46/avr/bin/../lib/gcc/avr/5.4.0/avr5\libgcc.a(_umulhisi3.o)
 .bss           0x0000000000000000        0x0 c:/program files/microchip/xc8/v2.46/avr/bin/../lib/gcc/avr/5.4.0/avr5\libgcc.a(_umulhisi3.o)
 .stack.descriptors
                0x0000000000000000       0x19 c:/program files/microchip/xc8/v2.46/avr/bin/../lib/gcc/avr/5.4.0/avr5\libgcc.a(_umulhisi3.o)
 .text.libgcc.div
                0x0000000000000000        0x0 c:/program files/microchip/xc8/v2.46/avr/bin/../lib/gcc/avr/5.4.0/avr5\libgcc.a(_umulhisi3.o)
 .text.libgcc   0x0000000000000000        0x0 c:/program files/microchip/xc8/v2.46/avr/bin/../lib/gcc/avr/5.4.0/avr5\libgcc.a(_umulhisi3.o)
 .text.libgcc.prologue
                0x0000000000000000        0x0 c:/program files/microchip/xc8/v2.46/avr/bin/../lib/gcc/avr/5.4.0/avr5\libgcc.a(_umulhisi3.o)
 .text.libgcc.builtins
                0x0000000000000000        0x0 c:/program files/microchip/xc8/v2.46/avr/bin/../lib/gcc/avr/5.4.0/avr5\libgcc.a(_umulhisi3.o)
 .text.libgcc.fmul
                0x0000000000000000        0x0 c:/program files/microchip/xc8/v2.46/avr/bin/../lib/gcc/avr/5.4.0/avr5\libgcc.a(_umulhisi3.o)
 .text.libgcc.fixed
                0x0000000000000000        0x0 c:/program files/microchip/xc8/v2.46/avr/bin/../lib/gcc/avr/5.4.0/avr5\libgcc.a(_umulhisi3.o)
 .text          0x0000000000000000        0x0 c:/program files/microchip/xc8/v2.46/avr/bin/../lib/gcc/avr/5.4.0/avr5\libgcc.a(_udivmodhi4.o)
 .data          0x0000000000000000        0x0 c:/program files/microchip/xc8/v2.46/avr/bin/../lib/gcc/avr/5.4.0/avr5\libgcc.a(_udivmodhi4.o)
 .bss           0x0000000000000000        0x0 c:/program files/microchip/xc8/v2.46/avr/bin/../lib/gcc/avr/5.4.0/avr5\libgcc.a(_udivmodhi4.o)
 .text.libgcc.mul
                0x0000000000000000        0x0 c:/program files/microchip/xc8/v2.46/avr/bin/../lib/gcc/avr/5.4.0/avr5\libgcc.a(_udivmodhi4.o)
 .stack.descriptors
                0x0000000000000000       0x1a c:/program files/microchip/xc8/v2.46/avr/bin/../lib/gcc/avr/5.4.0/avr5\libgcc.a(_udivmodhi4.o)
 .text.libgcc   0x0000000000000000        0x0 c:/program files/microchip/xc8/v2.46/avr/bin/../lib/gcc/avr/5.4.0/avr5\libgcc.a(_udivmodhi4.o)
 .text.libgcc.prologue
                0x0000000000000000        0x0 c:/program files/microchip/xc8/v2.46/avr/bin/../lib/gcc/avr/5.4.0/avr5\libgcc.a(_udivmodhi4.o)
 .text.libgcc.builtins
                0x0000000000000000        0x0 c:/program files/microchip/xc8/v2.46/avr/bin/../lib/gcc/avr/5.4.0/avr5\libgcc.a(_udivmodhi4.o)
 .text.libgcc.fmul
                0x0000000000000000        0x0 c:/program files/microchip/xc8/v2.46/avr/bin/../lib/gcc/avr/5.4.0/avr5\libgcc.a(_udivmodhi4.o)
 .text.libgcc.fixed
                0x0000000000000000        0x0 c:/program files/microchip/xc8/v2.46/avr/bin/../lib/gcc/avr/5.4.0/avr5\libgcc.a(_udivmodhi4.o)
 .text          0x0000000000000000        0x0 c:/program files/microchip/xc8/v2.46/avr/bin/../lib/gcc/avr/5.4.0/../../../../avr/lib/avr5\libc.a(exit.o)
 .data          0x0000000000000000        0x0 c:/program files/microchip/xc8/v2.46/avr/bin/../lib/gcc/avr/5.4.0/../../../../avr/lib/avr5\libc.a(exit.o)
 .bss           0x0000000000000000        0x0 c:/program files/microchip/xc8/v2.46/avr/bin/../lib/gcc/avr/5.4.0/../../../../avr/lib/avr5\libc.a(exit.o)
 .stack.descriptors
                0x0000000000000000       0x73 c:/program files/microchip/xc8/v2.46/avr/bin/../lib/gcc/avr/5.4.0/../../../../avr/lib/avr5\libc.a(exit.o)
 .text          0x0000000000000000        0x0 c:/program files/microchip/xc8/v2.46/avr/bin/../lib/gcc/avr/5.4.0/../../../../avr/lib/avr5\libc.a(_Exit.o)
 .data          0x0000000000000000        0x0 c:/program files/microchip/xc8/v2.46/avr/bin/../lib/gcc/avr/5.4.0/../../../../avr/lib/avr5\libc.a(_Exit.o)
 .bss           0x0000000000000000        0x0 c:/program files/microchip/xc8/v2.46/avr/bin/../lib/gcc/avr/5.4.0/../../../../avr/lib/avr5\libc.a(_Exit.o)
 .stack.descriptors
                0x0000000000000000       0x13 c:/program files/microchip/xc8/v2.46/avr/bin/../lib/gcc/avr/5.4.0/../../../../avr/lib/avr5\libc.a(_Exit.o)
 .text          0x0000000000000000        0x0 c:/program files/microchip/xc8/v2.46/avr/bin/../lib/gcc/avr/5.4.0/avr5\libgcc.a(_exit.o)
 .data          0x0000000000000000        0x0 c:/program files/microchip/xc8/v2.46/avr/bin/../lib/gcc/avr/5.4.0/avr5\libgcc.a(_exit.o)
 .bss           0x0000000000000000        0x0 c:/program files/microchip/xc8/v2.46/avr/bin/../lib/gcc/avr/5.4.0/avr5\libgcc.a(_exit.o)
 .text.libgcc.mul
                0x0000000000000000        0x0 c:/program files/microchip/xc8/v2.46/avr/bin/../lib/gcc/avr/5.4.0/avr5\libgcc.a(_exit.o)
 .text.libgcc.div
                0x0000000000000000        0x0 c:/program files/microchip/xc8/v2.46/avr/bin/../lib/gcc/avr/5.4.0/avr5\libgcc.a(_exit.o)
 .text.libgcc   0x0000000000000000        0x0 c:/program files/microchip/xc8/v2.46/avr/bin/../lib/gcc/avr/5.4.0/avr5\libgcc.a(_exit.o)
 .text.libgcc.prologue
                0x0000000000000000        0x0 c:/program files/microchip/xc8/v2.46/avr/bin/../lib/gcc/avr/5.4.0/avr5\libgcc.a(_exit.o)
 .stack.descriptors
                0x0000000000000000       0x13 c:/program files/microchip/xc8/v2.46/avr/bin/../lib/gcc/avr/5.4.0/avr5\libgcc.a(_exit.o)
 .text.libgcc.builtins
                0x0000000000000000        0x0 c:/program files/microchip/xc8/v2.46/avr/bin/../lib/gcc/avr/5.4.0/avr5\libgcc.a(_exit.o)
 .text.libgcc.fmul
                0x0000000000000000        0x0 c:/program files/microchip/xc8/v2.46/avr/bin/../lib/gcc/avr/5.4.0/avr5\libgcc.a(_exit.o)
 .text.libgcc.fixed
                0x0000000000000000        0x0 c:/program files/microchip/xc8/v2.46/avr/bin/../lib/gcc/avr/5.4.0/avr5\libgcc.a(_exit.o)

Memory Configuration

Name             Origin             Length             Attributes
text             0x0000000000000000 0x0000000000008000 xr
data             0x0000000000800060 0x0000000000000800 rw !x
eeprom           0x0000000000810000 0x0000000000000400 rw !x
fuse             0x0000000000820000 0x0000000000000002 rw !x
lock             0x0000000000830000 0x0000000000000400 rw !x
signature        0x0000000000840000 0x0000000000000400 rw !x
user_signatures  0x0000000000850000 0x0000000000000400 rw !x
bootrow          0x0000000000860000 0x0000000000000400 rw !x
*default*        0x0000000000000000 0xffffffffffffffff

Linker script and memory map

LOAD C:/Program Files/Microchip/MPLABX/v6.20/packs/Microchip/ATmega_DFP/3.1.264/xc8/avr/lib/avr5/crtatmega32a.o
                0x0000000000000001                __MPLAB_BUILD = 0x1
LOAD build/default/production/main.o
LOAD build/default/production/MyINT0.o
LOAD build/default/production/MyINT1.o
LOAD build/default/production/MyTimers.o
LOAD build/default/production/MyLCD_4bit.o
LOAD build/default/production/MyDIO.o
START GROUP
LOAD c:/program files/microchip/xc8/v2.46/avr/bin/../lib/gcc/avr/5.4.0/../../../../avr/lib/avr5\libm.a
END GROUP
START GROUP
LOAD c:/program files/microchip/xc8/v2.46/avr/bin/../lib/gcc/avr/5.4.0/avr5\libgcc.a
LOAD c:/program files/microchip/xc8/v2.46/avr/bin/../lib/gcc/avr/5.4.0/../../../../avr/lib/avr5\libm.a
LOAD c:/program files/microchip/xc8/v2.46/avr/bin/../lib/gcc/avr/5.4.0/../../../../avr/lib/avr5\libc.a
LOAD C:/Program Files/Microchip/MPLABX/v6.20/packs/Microchip/ATmega_DFP/3.1.264/xc8/avr/lib/avr5\libatmega32a.a
END GROUP
                [0x0000000000000000]                __TEXT_REGION_ORIGIN__ = DEFINED (__TEXT_REGION_ORIGIN__)?__TEXT_REGION_ORIGIN__:0x0
                [0x0000000000800060]                __DATA_REGION_ORIGIN__ = DEFINED (__DATA_REGION_ORIGIN__)?__DATA_REGION_ORIGIN__:0x800060
                [0x0000000000008000]                __TEXT_REGION_LENGTH__ = DEFINED (__TEXT_REGION_LENGTH__)?__TEXT_REGION_LENGTH__:0x20000
                [0x0000000000000800]                __DATA_REGION_LENGTH__ = DEFINED (__DATA_REGION_LENGTH__)?__DATA_REGION_LENGTH__:0xffa0
                [0x0000000000000400]                __EEPROM_REGION_LENGTH__ = DEFINED (__EEPROM_REGION_LENGTH__)?__EEPROM_REGION_LENGTH__:0x10000
                [0x0000000000000002]                __FUSE_REGION_LENGTH__ = DEFINED (__FUSE_REGION_LENGTH__)?__FUSE_REGION_LENGTH__:0x400
                0x0000000000000400                __LOCK_REGION_LENGTH__ = DEFINED (__LOCK_REGION_LENGTH__)?__LOCK_REGION_LENGTH__:0x400
                0x0000000000000400                __SIGNATURE_REGION_LENGTH__ = DEFINED (__SIGNATURE_REGION_LENGTH__)?__SIGNATURE_REGION_LENGTH__:0x400
                0x0000000000000400                __USER_SIGNATURE_REGION_LENGTH__ = DEFINED (__USER_SIGNATURE_REGION_LENGTH__)?__USER_SIGNATURE_REGION_LENGTH__:0x400
                0x0000000000000400                __BOOTROW_REGION_LENGTH__ = DEFINED (__BOOTROW_REGION_LENGTH__)?__BOOTROW_REGION_LENGTH__:0x400

.hash
 *(.hash)

.dynsym
 *(.dynsym)

.dynstr
 *(.dynstr)

.gnu.version
 *(.gnu.version)

.gnu.version_d
 *(.gnu.version_d)

.gnu.version_r
 *(.gnu.version_r)

.rel.init
 *(.rel.init)

.rela.init
 *(.rela.init)

.rel.text
 *(.rel.text)
 *(.rel.text.*)
 *(.rel.gnu.linkonce.t*)

.rela.text
 *(.rela.text)
 *(.rela.text.*)
 *(.rela.gnu.linkonce.t*)

.rel.fini
 *(.rel.fini)

.rela.fini
 *(.rela.fini)

.rel.rodata
 *(.rel.rodata)
 *(.rel.rodata.*)
 *(.rel.gnu.linkonce.r*)

.rela.rodata
 *(.rela.rodata)
 *(.rela.rodata.*)
 *(.rela.gnu.linkonce.r*)

.rel.data
 *(.rel.data)
 *(.rel.data.*)
 *(.rel.gnu.linkonce.d*)

.rela.data
 *(.rela.data)
 *(.rela.data.*)
 *(.rela.gnu.linkonce.d*)

.rel.ctors
 *(.rel.ctors)

.rela.ctors
 *(.rela.ctors)

.rel.dtors
 *(.rel.dtors)

.rela.dtors
 *(.rela.dtors)

.rel.got
 *(.rel.got)

.rela.got
 *(.rela.got)

.rel.bss
 *(.rel.bss)

.rela.bss
 *(.rela.bss)

.rel.plt
 *(.rel.plt)

.rela.plt
 *(.rela.plt)

.text           0x0000000000000000       0xae
 *(.vectors)
 .vectors       0x0000000000000000       0x54 C:/Program Files/Microchip/MPLABX/v6.20/packs/Microchip/ATmega_DFP/3.1.264/xc8/avr/lib/avr5/crtatmega32a.o
                0x0000000000000000                __vector_default
                0x0000000000000000                __vectors
 *(.vectors)
 *(.progmem.gcc*)
 *(.dinit)
 .dinit         0x0000000000000054        0x5 data_init
                0x000000000000005a                . = ALIGN (0x2)
 *fill*         0x0000000000000059        0x1 
                0x000000000000005a                __trampolines_start = .
 *(.trampolines)
 .trampolines   0x000000000000005a        0x0 linker stubs
 *(.trampolines*)
                0x000000000000005a                __trampolines_end = .
 *libprintf_flt.a:*(.progmem.data)
 *libc.a:*(.progmem.data)
                0x000000000000005a                . = ALIGN (0x2)
 *(.jumptables)
 *(.jumptables*)
 *(.lowtext)
 *(.lowtext*)
                0x000000000000005a                __ctors_start = .
 *(.ctors)
                0x000000000000005a                __ctors_end = .
                0x000000000000005a                __dtors_start = .
 *(.dtors)
                0x000000000000005a                __dtors_end = .
 SORT(*)(.ctors)
 SORT(*)(.dtors)
 *(.init0)
 .init0         0x000000000000005a        0x0 C:/Program Files/Microchip/MPLABX/v6.20/packs/Microchip/ATmega_DFP/3.1.264/xc8/avr/lib/avr5/crtatmega32a.o
                0x000000000000005a                __init
 *(.init0)
 *(.init1)
 *(.init1)
 *(.init2)
 .init2         0x000000000000005a        0xc C:/Program Files/Microchip/MPLABX/v6.20/packs/Microchip/ATmega_DFP/3.1.264/xc8/avr/lib/avr5/crtatmega32a.o
 *(.init2)
 *(.init3)
 *(.init3)
 *(.init4)
 .init4         0x0000000000000066       0x3c c:/program files/microchip/xc8/v2.46/avr/bin/../lib/gcc/avr/5.4.0/avr5\libgcc.a(_copy_data.o)
                0x0000000000000066                __do_copy_data
                0x0000000000000094                __do_clear_bss
 *(.init4)
 *(.init5)
 *(.init5)
 *(.init6)
 *(.init6)
 *(.init7)
 *(.init7)
 *(.init8)
 *(.init8)
 *(.init9)
 .init9         0x00000000000000a2        0x8 C:/Program Files/Microchip/MPLABX/v6.20/packs/Microchip/ATmega_DFP/3.1.264/xc8/avr/lib/avr5/crtatmega32a.o
 *(.init9)
                0x00000000000000aa                . = ALIGN (0x2)
 *(.fini9)
 .fini9         0x00000000000000aa        0x0 c:/program files/microchip/xc8/v2.46/avr/bin/../lib/gcc/avr/5.4.0/avr5\libgcc.a(_exit.o)
                0x00000000000000aa                _exit
 *(.fini9)
 *(.fini8)
 *(.fini8)
 *(.fini7)
 *(.fini7)
 *(.fini6)
 *(.fini6)
 *(.fini5)
 *(.fini5)
 *(.fini4)
 *(.fini4)
 *(.fini3)
 *(.fini3)
 *(.fini2)
 *(.fini2)
 *(.fini1)
 *(.fini1)
 *(.fini0)
 .fini0         0x00000000000000aa        0x4 c:/program files/microchip/xc8/v2.46/avr/bin/../lib/gcc/avr/5.4.0/avr5\libgcc.a(_exit.o)
 *(.fini0)
                0x00000000000000ae                _etext = .

.data           0x0000000000800060        0x0 load address 0x00000000000000ae
                [!provide]                        PROVIDE (__data_start, .)
 *(.gnu.linkonce.d*)
 *(.gnu.linkonce.r*)
                0x0000000000800060                . = ALIGN (0x2)
                0x0000000000800060                _edata = .
                [!provide]                        PROVIDE (__data_end, .)

.bss            0x0000000000800060        0x0
                [!provide]                        PROVIDE (__bss_start, .)
 *(COMMON)
                [!provide]                        PROVIDE (__bss_end, .)
                0x00000000000000ae                __data_load_start = LOADADDR (.data)
                0x00000000000000ae                __data_load_end = (__data_load_start + SIZEOF (.data))

.noinit         0x0000000000800060        0x0
                [!provide]                        PROVIDE (__noinit_start, .)
 *(.noinit*)
                [!provide]                        PROVIDE (__noinit_end, .)
                0x0000000000800060                _end = .

.eeprom         0x0000000000810000        0x0
 *(.eeprom*)
                0x0000000000810000                __eeprom_end = .

.fuse
 *(.fuse)
 *(.lfuse)
 *(.hfuse)
 *(.efuse)

.lock
 *(.lock*)

.signature
 *(.signature*)

.user_signatures
 *(.user_signatures*)

.bootrow
 *(.bootrow*)

.stab
 *(.stab)

.stabstr
 *(.stabstr)

.stab.excl
 *(.stab.excl)

.stab.exclstr
 *(.stab.exclstr)

.stab.index
 *(.stab.index)

.stab.indexstr
 *(.stab.indexstr)

.comment        0x0000000000000000       0x5b
 *(.comment)
 .comment       0x0000000000000000       0x2f build/default/production/main.o
                                         0x30 (size before relaxing)
 .comment       0x000000000000002f       0x30 build/default/production/MyLCD_4bit.o
 .comment       0x000000000000002f       0x30 build/default/production/MyDIO.o
 .comment       0x000000000000002f       0x2c c:/program files/microchip/xc8/v2.46/avr/bin/../lib/gcc/avr/5.4.0/../../../../avr/lib/avr5\libc.a(exit.o)
                                         0x2d (size before relaxing)
 .comment       0x000000000000005b       0x2d c:/program files/microchip/xc8/v2.46/avr/bin/../lib/gcc/avr/5.4.0/../../../../avr/lib/avr5\libc.a(_Exit.o)

.stack.descriptors.hdr
                0x0000000000000000       0x54
 .stack.descriptors.hdr
                0x0000000000000000        0xe c:/program files/microchip/xc8/v2.46/avr/bin/../lib/gcc/avr/5.4.0/avr5\libgcc.a(_divmodhi4.o)
 .stack.descriptors.hdr
                0x000000000000000e        0xe c:/program files/microchip/xc8/v2.46/avr/bin/../lib/gcc/avr/5.4.0/avr5\libgcc.a(_umulhisi3.o)
 .stack.descriptors.hdr
                0x000000000000001c        0xe c:/program files/microchip/xc8/v2.46/avr/bin/../lib/gcc/avr/5.4.0/avr5\libgcc.a(_udivmodhi4.o)
 .stack.descriptors.hdr
                0x000000000000002a        0xe c:/program files/microchip/xc8/v2.46/avr/bin/../lib/gcc/avr/5.4.0/../../../../avr/lib/avr5\libc.a(exit.o)
 .stack.descriptors.hdr
                0x0000000000000038        0xe c:/program files/microchip/xc8/v2.46/avr/bin/../lib/gcc/avr/5.4.0/../../../../avr/lib/avr5\libc.a(_Exit.o)
 .stack.descriptors.hdr
                0x0000000000000046        0xe c:/program files/microchip/xc8/v2.46/avr/bin/../lib/gcc/avr/5.4.0/avr5\libgcc.a(_exit.o)

.note.GNU-stack
                0x0000000000000000        0x0
 .note.GNU-stack
                0x0000000000000000        0x0 c:/program files/microchip/xc8/v2.46/avr/bin/../lib/gcc/avr/5.4.0/../../../../avr/lib/avr5\libc.a(exit.o)
 .note.GNU-stack
                0x0000000000000000        0x0 c:/program files/microchip/xc8/v2.46/avr/bin/../lib/gcc/avr/5.4.0/../../../../avr/lib/avr5\libc.a(_Exit.o)

.note.gnu.build-id
 *(.note.gnu.build-id)

.debug
 *(.debug)

.line
 *(.line)

.debug_srcinfo
 *(.debug_srcinfo)

.debug_sfnames
 *(.debug_sfnames)

.debug_aranges  0x0000000000000000      0x1a0
 *(.debug_aranges)
 .debug_aranges
                0x0000000000000000       0x50 build/default/production/main.o
 .debug_aranges
                0x0000000000000050       0x58 build/default/production/MyLCD_4bit.o
 .debug_aranges
                0x00000000000000a8       0xf8 build/default/production/MyDIO.o

.debug_pubnames
 *(.debug_pubnames)

.debug_info     0x0000000000000000     0x1b7f
 *(.debug_info .gnu.linkonce.wi.*)
 .debug_info    0x0000000000000000      0x4e6 C:/Program Files/Microchip/MPLABX/v6.20/packs/Microchip/ATmega_DFP/3.1.264/xc8/avr/lib/avr5/crtatmega32a.o
 .debug_info    0x00000000000004e6      0x6c2 build/default/production/main.o
 .debug_info    0x0000000000000ba8      0x7d6 build/default/production/MyLCD_4bit.o
 .debug_info    0x000000000000137e      0x801 build/default/production/MyDIO.o

.debug_abbrev   0x0000000000000000      0x95f
 *(.debug_abbrev)
 .debug_abbrev  0x0000000000000000      0x4a3 C:/Program Files/Microchip/MPLABX/v6.20/packs/Microchip/ATmega_DFP/3.1.264/xc8/avr/lib/avr5/crtatmega32a.o
 .debug_abbrev  0x00000000000004a3      0x233 build/default/production/main.o
 .debug_abbrev  0x00000000000006d6      0x1b7 build/default/production/MyLCD_4bit.o
 .debug_abbrev  0x000000000000088d       0xd2 build/default/production/MyDIO.o

.debug_line     0x0000000000000000      0xadf
 *(.debug_line .debug_line.* .debug_line_end)
 .debug_line    0x0000000000000000      0x116 C:/Program Files/Microchip/MPLABX/v6.20/packs/Microchip/ATmega_DFP/3.1.264/xc8/avr/lib/avr5/crtatmega32a.o
 .debug_line    0x0000000000000116      0x27e build/default/production/main.o
 .debug_line    0x0000000000000394      0x311 build/default/production/MyLCD_4bit.o
 .debug_line    0x00000000000006a5      0x43a build/default/production/MyDIO.o

.debug_frame    0x0000000000000000      0x35c
 *(.debug_frame)
 .debug_frame   0x0000000000000000       0x94 build/default/production/main.o
 .debug_frame   0x0000000000000094       0xf4 build/default/production/MyLCD_4bit.o
 .debug_frame   0x0000000000000188      0x1d4 build/default/production/MyDIO.o

.debug_str      0x0000000000000000      0x24c
 *(.debug_str)
 .debug_str     0x0000000000000000      0x196 C:/Program Files/Microchip/MPLABX/v6.20/packs/Microchip/ATmega_DFP/3.1.264/xc8/avr/lib/avr5/crtatmega32a.o
 .debug_str     0x0000000000000196       0x58 build/default/production/main.o
 .debug_str     0x00000000000001ee       0x43 build/default/production/MyLCD_4bit.o
 .debug_str     0x0000000000000231       0x1b build/default/production/MyDIO.o

.debug_loc      0x0000000000000000      0xc18
 *(.debug_loc)
 .debug_loc     0x0000000000000000      0x11a build/default/production/main.o
 .debug_loc     0x000000000000011a      0x47e build/default/production/MyLCD_4bit.o
 .debug_loc     0x0000000000000598      0x680 build/default/production/MyDIO.o

.debug_macinfo
 *(.debug_macinfo)

.debug_weaknames
 *(.debug_weaknames)

.debug_funcnames
 *(.debug_funcnames)

.debug_typenames
 *(.debug_typenames)

.debug_varnames
 *(.debug_varnames)

.debug_pubtypes
 *(.debug_pubtypes)

.debug_ranges   0x0000000000000000      0x1a0
 *(.debug_ranges)
 .debug_ranges  0x0000000000000000       0x70 build/default/production/main.o
 .debug_ranges  0x0000000000000070       0x48 build/default/production/MyLCD_4bit.o
 .debug_ranges  0x00000000000000b8       0xe8 build/default/production/MyDIO.o

.debug_macro
 *(.debug_macro)
OUTPUT(dist/default/production/obstacle_avoiding_car.X.production.elf elf32-avr)
LOAD linker stubs
LOAD data_init

.note.gnu.avr.deviceinfo
                0x0000000000000000       0x3c
 .note.gnu.avr.deviceinfo
                0x0000000000000000       0x3c C:/Program Files/Microchip/MPLABX/v6.20/packs/Microchip/ATmega_DFP/3.1.264/xc8/avr/lib/avr5/crtatmega32a.o

.bss.rising_edge_time.2087
                0x0000000000800060        0x2
 .bss.rising_edge_time.2087
                0x0000000000800060        0x2 build/default/production/main.o

.bss.pulse_duration
                0x0000000000800062        0x2
 .bss.pulse_duration
                0x0000000000800062        0x2 build/default/production/main.o
                0x0000000000800062                pulse_duration

.text.MYitoa    0x00000000000000ae       0xc0
 .text.MYitoa   0x00000000000000ae       0xc0 build/default/production/MyLCD_4bit.o
                0x00000000000000ae                MYitoa

.text.init_LCD4
                0x000000000000016e       0x68
 .text.init_LCD4
                0x000000000000016e       0x68 build/default/production/MyLCD_4bit.o
                0x000000000000016e                init_LCD4

.text.main      0x00000000000001d6       0x5c
 .text.main     0x00000000000001d6       0x5c build/default/production/main.o
                0x00000000000001d6                main

.text.__vector_6
                0x0000000000000232       0x56
 .text.__vector_6
                0x0000000000000232       0x56 build/default/production/main.o
                0x0000000000000232                __vector_6

.text.setPIND_DIR
                0x0000000000000288       0x44
 .text.setPIND_DIR
                0x0000000000000288       0x44 build/default/production/MyDIO.o
                0x0000000000000288                setPIND_DIR

.text.LCD4_COMMAND
                0x00000000000002cc       0x42
 .text.LCD4_COMMAND
                0x00000000000002cc       0x42 build/default/production/MyLCD_4bit.o
                0x00000000000002cc                LCD4_COMMAND

.text.LCD4_DATA
                0x000000000000030e       0x42
 .text.LCD4_DATA
                0x000000000000030e       0x42 build/default/production/MyLCD_4bit.o
                0x000000000000030e                LCD4_DATA

.text.setPIND   0x0000000000000350       0x42
 .text.setPIND  0x0000000000000350       0x42 build/default/production/MyDIO.o
                0x0000000000000350                setPIND

.text.LCD4_DATA_NUM
                0x0000000000000392       0x3c
 .text.LCD4_DATA_NUM
                0x0000000000000392       0x3c build/default/production/MyLCD_4bit.o
                0x0000000000000392                LCD4_DATA_NUM

.text.LCD4_CLEAR
                0x00000000000003ce       0x2c
 .text.LCD4_CLEAR
                0x00000000000003ce       0x2c build/default/production/MyLCD_4bit.o
                0x00000000000003ce                LCD4_CLEAR

.text.libgcc.div
                0x00000000000003fa       0x28
 .text.libgcc.div
                0x00000000000003fa       0x28 c:/program files/microchip/xc8/v2.46/avr/bin/../lib/gcc/avr/5.4.0/avr5\libgcc.a(_divmodhi4.o)
                0x00000000000003fa                _div
                0x00000000000003fa                __divmodhi4

.text.libgcc.div
                0x0000000000000422       0x28
 .text.libgcc.div
                0x0000000000000422       0x28 c:/program files/microchip/xc8/v2.46/avr/bin/../lib/gcc/avr/5.4.0/avr5\libgcc.a(_udivmodhi4.o)
                0x0000000000000422                __udivmodhi4

.text.LCD4_EN   0x000000000000044a       0x24
 .text.LCD4_EN  0x000000000000044a       0x24 build/default/production/MyLCD_4bit.o
                0x000000000000044a                LCD4_EN

.text.setPORTC_DIR_VAL
                0x000000000000046e       0x20
 .text.setPORTC_DIR_VAL
                0x000000000000046e       0x20 build/default/production/MyDIO.o
                0x000000000000046e                setPORTC_DIR_VAL

.text.LCD4_DATA_STR
                0x000000000000048e       0x1e
 .text.LCD4_DATA_STR
                0x000000000000048e       0x1e build/default/production/MyLCD_4bit.o
                0x000000000000048e                LCD4_DATA_STR

.text.libgcc.mul
                0x00000000000004ac       0x1e
 .text.libgcc.mul
                0x00000000000004ac       0x1e c:/program files/microchip/xc8/v2.46/avr/bin/../lib/gcc/avr/5.4.0/avr5\libgcc.a(_umulhisi3.o)
                0x00000000000004ac                __umulhisi3

.text.init_ultrasonic_sensor
                0x00000000000004ca       0x1a
 .text.init_ultrasonic_sensor
                0x00000000000004ca       0x1a build/default/production/main.o
                0x00000000000004ca                init_ultrasonic_sensor

.text.exit      0x00000000000004e4       0x16
 .text.exit     0x00000000000004e4       0x16 c:/program files/microchip/xc8/v2.46/avr/bin/../lib/gcc/avr/5.4.0/../../../../avr/lib/avr5\libc.a(exit.o)
                0x00000000000004e4                exit

.text.send_trigger_pulse
                0x00000000000004fa        0xe
 .text.send_trigger_pulse
                0x00000000000004fa        0xe build/default/production/main.o
                0x00000000000004fa                send_trigger_pulse

.text           0x0000000000000508        0x4
 .text          0x0000000000000508        0x4 C:/Program Files/Microchip/MPLABX/v6.20/packs/Microchip/ATmega_DFP/3.1.264/xc8/avr/lib/avr5/crtatmega32a.o
                0x0000000000000508                __vector_1
                0x0000000000000508                __vector_12
                0x0000000000000508                __bad_interrupt
                0x0000000000000508                __vector_3
                0x0000000000000508                __vector_11
                0x0000000000000508                __vector_13
                0x0000000000000508                __vector_17
                0x0000000000000508                __vector_19
                0x0000000000000508                __vector_7
                0x0000000000000508                __vector_5
                0x0000000000000508                __vector_4
                0x0000000000000508                __vector_9
                0x0000000000000508                __vector_2
                0x0000000000000508                __vector_15
                0x0000000000000508                __vector_8
                0x0000000000000508                __vector_14
                0x0000000000000508                __vector_10
                0x0000000000000508                __vector_16
                0x0000000000000508                __vector_18
                0x0000000000000508                __vector_20

.text._Exit     0x000000000000050c        0x4
 .text._Exit    0x000000000000050c        0x4 c:/program files/microchip/xc8/v2.46/avr/bin/../lib/gcc/avr/5.4.0/../../../../avr/lib/avr5\libc.a(_Exit.o)
                0x000000000000050c                _Exit

.text.__dummy_fini
                0x0000000000000510        0x2
 .text.__dummy_fini
                0x0000000000000510        0x2 c:/program files/microchip/xc8/v2.46/avr/bin/../lib/gcc/avr/5.4.0/../../../../avr/lib/avr5\libc.a(exit.o)
                0x0000000000000510                _fini

.text.__dummy_funcs_on_exit
                0x0000000000000512        0x2
 .text.__dummy_funcs_on_exit
                0x0000000000000512        0x2 c:/program files/microchip/xc8/v2.46/avr/bin/../lib/gcc/avr/5.4.0/../../../../avr/lib/avr5\libc.a(exit.o)
                0x0000000000000512                __funcs_on_exit

.text.__dummy_simulator_exit
                0x0000000000000514        0x2
 .text.__dummy_simulator_exit
                0x0000000000000514        0x2 c:/program files/microchip/xc8/v2.46/avr/bin/../lib/gcc/avr/5.4.0/../../../../avr/lib/avr5\libc.a(exit.o)
                0x0000000000000514                __simulator_exit
